Archive member included because of file (symbol)

/home/work/rootfs/usr/lib/./libc_nonshared.a(elf-init.oS)
                              /home/work/gcc-linaro-arm-linux-gnueabihf-4.7-2013.03-20130313_linux/bin/../arm-linux-gnueabihf/libc/usr/lib/arm-linux-gnueabihf/crt1.o (__libc_csu_init)
/home/work/rootfs/usr/lib/./libc_nonshared.a(stat.oS)
                              ./interface/sys_log.o (stat)

Allocating common symbols
Common symbol       size              file

CltCmd_str          0xc               ./reject/local_socket.o
cam2_protocol       0xa078            ./app/sys_conf.o
gsem_reject_reset   0x10              ./reject/local_socket.o
cam1_protocol       0xa078            ./app/sys_conf.o
SampleImageGroup    0xc8              ./net/net.o
connect_fd          0x4               ./reject/local_socket.o
g_net_send_img_buf  0x178             ./image/video_context.o
srv_addr            0x6e              ./reject/local_socket.o
g_net_recv_img_buf  0x178             ./image/video_context.o
g_sem_algo_params_update
                    0x10              ./image/dsp_context.o
rev_data            0xffff            ./fpga/fpga.o
sample_result       0x700             ./reject/local_protocol.o
g_udp_fd            0x4               ./net/udp.o
SysDateTime         0xc               ./reject/local_protocol.o
g_mutex_sample_ability
                    0x18              ./net/net.o
clt_addr            0x6e              ./reject/local_socket.o
feedbackinfo        0xc8              ./app/sys_conf.o
listen_fd           0x4               ./reject/local_socket.o
FeedBackInfo        0x14              ./reject/local_protocol.o
g_tcp_client_fd     0x4               ./net/tcp.o
CAM_PROTOCOL_FROM   0x100c            ./reject/local_protocol.o
g_mutex_conn_state  0x18              ./net/net.o
g_overclock_img_buf
                    0x80              ./image/video_context.o
get_debug_info      0x4               ./tool/epcs.o
g_sem_conn_state    0x10              ./net/net.o
gsem_udisk_ready    0x10              ./interface/sys_log.o
sample_info_array   0x1400            ./net/net_protocol.o
gsem_algo_sim       0x10              ./image/video_context.o
g_sem_connect       0x10              ./reject/local_socket.o
temp_info           0x14              ./interface/upstate.o
g_algo_params_config
                    0xc               ./app/sys_conf.o
g_udisk             0x60              ./interface/udisk.o
SampleInfo          0xa0              ./net/net.o
g_mutex_img_ability
                    0x18              ./net/net.o
g_mutex_array       0x18              ./reject/local_socket.o

Discarded input sections

 .rodata.cst4   0x00000000        0x4 /home/work/gcc-linaro-arm-linux-gnueabihf-4.7-2013.03-20130313_linux/bin/../arm-linux-gnueabihf/libc/usr/lib/arm-linux-gnueabihf/crt1.o
 .ARM.extab     0x00000000        0x0 /home/work/gcc-linaro-arm-linux-gnueabihf-4.7-2013.03-20130313_linux/bin/../arm-linux-gnueabihf/libc/usr/lib/arm-linux-gnueabihf/crt1.o
 .data          0x00000000        0x4 /home/work/gcc-linaro-arm-linux-gnueabihf-4.7-2013.03-20130313_linux/bin/../arm-linux-gnueabihf/libc/usr/lib/arm-linux-gnueabihf/crt1.o
 .bss           0x00000000        0x0 /home/work/gcc-linaro-arm-linux-gnueabihf-4.7-2013.03-20130313_linux/bin/../arm-linux-gnueabihf/libc/usr/lib/arm-linux-gnueabihf/crt1.o
 .note.GNU-stack
                0x00000000        0x0 /home/work/gcc-linaro-arm-linux-gnueabihf-4.7-2013.03-20130313_linux/bin/../arm-linux-gnueabihf/libc/usr/lib/arm-linux-gnueabihf/crt1.o
 .gnu_debuglink
                0x00000000        0xc /home/work/gcc-linaro-arm-linux-gnueabihf-4.7-2013.03-20130313_linux/bin/../arm-linux-gnueabihf/libc/usr/lib/arm-linux-gnueabihf/crt1.o
 .data          0x00000000        0x0 /home/work/gcc-linaro-arm-linux-gnueabihf-4.7-2013.03-20130313_linux/bin/../arm-linux-gnueabihf/libc/usr/lib/arm-linux-gnueabihf/crti.o
 .bss           0x00000000        0x0 /home/work/gcc-linaro-arm-linux-gnueabihf-4.7-2013.03-20130313_linux/bin/../arm-linux-gnueabihf/libc/usr/lib/arm-linux-gnueabihf/crti.o
 .note.GNU-stack
                0x00000000        0x0 /home/work/gcc-linaro-arm-linux-gnueabihf-4.7-2013.03-20130313_linux/bin/../arm-linux-gnueabihf/libc/usr/lib/arm-linux-gnueabihf/crti.o
 .gnu_debuglink
                0x00000000        0xc /home/work/gcc-linaro-arm-linux-gnueabihf-4.7-2013.03-20130313_linux/bin/../arm-linux-gnueabihf/libc/usr/lib/arm-linux-gnueabihf/crti.o
 .data          0x00000000        0x4 /home/work/gcc-linaro-arm-linux-gnueabihf-4.7-2013.03-20130313_linux/bin/../lib/gcc/arm-linux-gnueabihf/4.7.3/crtbegin.o
 .note.GNU-stack
                0x00000000        0x0 /home/work/gcc-linaro-arm-linux-gnueabihf-4.7-2013.03-20130313_linux/bin/../lib/gcc/arm-linux-gnueabihf/4.7.3/crtbegin.o
 .group         0x00000000        0x8 ./tool/buf_factory.o
 .group         0x00000000        0x8 ./tool/buf_factory.o
 .group         0x00000000        0x8 ./tool/buf_factory.o
[...]
Memory Configuration

Name             Origin             Length             Attributes
*default*        0x00000000         0xffffffff

Linker script and memory map

LOAD /home/work/gcc-linaro-arm-linux-gnueabihf-4.7-2013.03-20130313_linux/bin/../arm-linux-gnueabihf/libc/usr/lib/arm-linux-gnueabihf/crt1.o
LOAD /home/work/gcc-linaro-arm-linux-gnueabihf-4.7-2013.03-20130313_linux/bin/../arm-linux-gnueabihf/libc/usr/lib/arm-linux-gnueabihf/crti.o
LOAD /home/work/gcc-linaro-arm-linux-gnueabihf-4.7-2013.03-20130313_linux/bin/../lib/gcc/arm-linux-gnueabihf/4.7.3/crtbegin.o
LOAD ./tool/buf_factory.o
LOAD ./tool/crc16.o
LOAD ./tool/epcs.o
LOAD ./tool/key_file.o
LOAD ./tool/list.o
LOAD ./tool/mailbox.o
LOAD ./tool/message.o
LOAD ./tool/msg_factory.o
LOAD ./tool/shared_mem_manager.o
LOAD ./tool/thread.o
LOAD ./tool/v4l2.o
LOAD ./reject/local_protocol.o
LOAD ./reject/local_socket.o
LOAD ./net/net.o
LOAD ./net/net_protocol.o
LOAD ./net/tcp.o
LOAD ./net/udp.o
LOAD ./lvds/lvds_context.o
LOAD ./interface/led.o
LOAD ./interface/sys_log.o
LOAD ./interface/udisk.o
LOAD ./interface/ui_protocol.o
LOAD ./interface/ui_socket.o
LOAD ./interface/upstate.o
LOAD ./image/dsp.o
LOAD ./image/dsp_context.o
LOAD ./image/sample_count.o
LOAD ./image/sample_factory.o
LOAD ./image/shared_vid_buf.o
LOAD ./image/video.o
LOAD ./image/video_context.o
LOAD ./fpga/fpga.o
LOAD ./app/main.o
LOAD ./app/sys_conf.o
LOAD /home/work/rootfs/usr/lib/librt.so
LOAD /home/work/rootfs/usr/lib/libtiipcutils.so
LOAD /home/work/rootfs/usr/lib/libtiipc.so
LOAD /home/work/rootfs/usr/lib/libdrm.so
LOAD /home/work/rootfs/usr/lib/libglib-2.0.so
LOAD /home/work/rootfs/usr/lib/libpthread.so
START GROUP
LOAD /home/work/rootfs/usr/lib/../../lib/libpthread.so.0
LOAD /home/work/rootfs/usr/lib/./libpthread_nonshared.a
END GROUP
LOAD /home/work/rootfs/usr/lib/libdce.so
LOAD /home/work/rootfs/usr/lib/libdrm_omap.so
LOAD /home/work/rootfs/usr/lib/libmmrpc.so
LOAD /home/work/gcc-linaro-arm-linux-gnueabihf-4.7-2013.03-20130313_linux/bin/../lib/gcc/arm-linux-gnueabihf/4.7.3/libgcc.a
LOAD /home/work/gcc-linaro-arm-linux-gnueabihf-4.7-2013.03-20130313_linux/bin/../lib/gcc/arm-linux-gnueabihf/4.7.3/../../../../arm-linux-gnueabihf/lib/libgcc_s.so
START GROUP
LOAD /home/work/gcc-linaro-arm-linux-gnueabihf-4.7-2013.03-20130313_linux/bin/../lib/gcc/arm-linux-gnueabihf/4.7.3/../../../../arm-linux-gnueabihf/lib/libgcc_s.so.1
LOAD /home/work/gcc-linaro-arm-linux-gnueabihf-4.7-2013.03-20130313_linux/bin/../lib/gcc/arm-linux-gnueabihf/4.7.3/libgcc.a
END GROUP
LOAD /home/work/rootfs/usr/lib/libc.so
START GROUP
LOAD /home/work/rootfs/usr/lib/../../lib/libc.so.6
LOAD /home/work/rootfs/usr/lib/./libc_nonshared.a
LOAD /home/work/rootfs/usr/lib/../../lib/ld-linux-armhf.so.3
END GROUP
LOAD /home/work/gcc-linaro-arm-linux-gnueabihf-4.7-2013.03-20130313_linux/bin/../lib/gcc/arm-linux-gnueabihf/4.7.3/libgcc.a
LOAD /home/work/gcc-linaro-arm-linux-gnueabihf-4.7-2013.03-20130313_linux/bin/../lib/gcc/arm-linux-gnueabihf/4.7.3/../../../../arm-linux-gnueabihf/lib/libgcc_s.so
START GROUP
LOAD /home/work/gcc-linaro-arm-linux-gnueabihf-4.7-2013.03-20130313_linux/bin/../lib/gcc/arm-linux-gnueabihf/4.7.3/../../../../arm-linux-gnueabihf/lib/libgcc_s.so.1
LOAD /home/work/gcc-linaro-arm-linux-gnueabihf-4.7-2013.03-20130313_linux/bin/../lib/gcc/arm-linux-gnueabihf/4.7.3/libgcc.a
END GROUP
LOAD /home/work/gcc-linaro-arm-linux-gnueabihf-4.7-2013.03-20130313_linux/bin/../lib/gcc/arm-linux-gnueabihf/4.7.3/crtend.o
LOAD /home/work/gcc-linaro-arm-linux-gnueabihf-4.7-2013.03-20130313_linux/bin/../arm-linux-gnueabihf/libc/usr/lib/arm-linux-gnueabihf/crtn.o
                0x00008000                PROVIDE (__executable_start, 0x8000)
                0x00008134                . = (0x8000 + SIZEOF_HEADERS)

.interp         0x00008134       0x19
 *(.interp)
 .interp        0x00008134       0x19 /home/work/gcc-linaro-arm-linux-gnueabihf-4.7-2013.03-20130313_linux/bin/../arm-linux-gnueabihf/libc/usr/lib/arm-linux-gnueabihf/crt1.o

.note.ABI-tag   0x00008150       0x20
 .note.ABI-tag  0x00008150       0x20 /home/work/gcc-linaro-arm-linux-gnueabihf-4.7-2013.03-20130313_linux/bin/../arm-linux-gnueabihf/libc/usr/lib/arm-linux-gnueabihf/crt1.o

.note.gnu.build-id
                0x00008170       0x24
 *(.note.gnu.build-id)
 .note.gnu.build-id
                0x00008170       0x24 linker stubs

.hash           0x00008194      0x460
 *(.hash)
 .hash          0x00008194      0x460 /home/work/gcc-linaro-arm-linux-gnueabihf-4.7-2013.03-20130313_linux/bin/../arm-linux-gnueabihf/libc/usr/lib/arm-linux-gnueabihf/crt1.o

.gnu.hash
 *(.gnu.hash)

.dynsym         0x000085f4      0x930
 *(.dynsym)
 .dynsym        0x000085f4      0x930 /home/work/gcc-linaro-arm-linux-gnueabihf-4.7-2013.03-20130313_linux/bin/../arm-linux-gnueabihf/libc/usr/lib/arm-linux-gnueabihf/crt1.o

.dynstr         0x00008f24      0x6c3
 *(.dynstr)
 .dynstr        0x00008f24      0x6c3 /home/work/gcc-linaro-arm-linux-gnueabihf-4.7-2013.03-20130313_linux/bin/../arm-linux-gnueabihf/libc/usr/lib/arm-linux-gnueabihf/crt1.o

.gnu.version    0x000095e8      0x126
 *(.gnu.version)
 .gnu.version   0x000095e8      0x126 /home/work/gcc-linaro-arm-linux-gnueabihf-4.7-2013.03-20130313_linux/bin/../arm-linux-gnueabihf/libc/usr/lib/arm-linux-gnueabihf/crt1.o

.gnu.version_d  0x00009710        0x0
 *(.gnu.version_d)
 .gnu.version_d
                0x00000000        0x0 /home/work/gcc-linaro-arm-linux-gnueabihf-4.7-2013.03-20130313_linux/bin/../arm-linux-gnueabihf/libc/usr/lib/arm-linux-gnueabihf/crt1.o

.gnu.version_r  0x00009710       0x60
 *(.gnu.version_r)
 .gnu.version_r
                0x00009710       0x60 /home/work/gcc-linaro-arm-linux-gnueabihf-4.7-2013.03-20130313_linux/bin/../arm-linux-gnueabihf/libc/usr/lib/arm-linux-gnueabihf/crt1.o

.rel.dyn        0x00009770       0x10
 *(.rel.init)
 *(.rel.text .rel.text.* .rel.gnu.linkonce.t.*)
 *(.rel.fini)
 *(.rel.rodata .rel.rodata.* .rel.gnu.linkonce.r.*)
 *(.rel.data.rel.ro .rel.data.rel.ro.* .rel.gnu.linkonce.d.rel.ro.*)
 *(.rel.data .rel.data.* .rel.gnu.linkonce.d.*)
 *(.rel.tdata .rel.tdata.* .rel.gnu.linkonce.td.*)
 *(.rel.tbss .rel.tbss.* .rel.gnu.linkonce.tb.*)
 *(.rel.ctors)
 *(.rel.dtors)
 *(.rel.got)
 .rel.got       0x00009770        0x8 /home/work/gcc-linaro-arm-linux-gnueabihf-4.7-2013.03-20130313_linux/bin/../arm-linux-gnueabihf/libc/usr/lib/arm-linux-gnueabihf/crt1.o
 *(.rel.bss .rel.bss.* .rel.gnu.linkonce.b.*)
 .rel.bss       0x00009778        0x8 /home/work/gcc-linaro-arm-linux-gnueabihf-4.7-2013.03-20130313_linux/bin/../arm-linux-gnueabihf/libc/usr/lib/arm-linux-gnueabihf/crt1.o
                0x00009780                PROVIDE (__rel_iplt_start, .)
 *(.rel.iplt)
 .rel.iplt      0x00000000        0x0 /home/work/gcc-linaro-arm-linux-gnueabihf-4.7-2013.03-20130313_linux/bin/../arm-linux-gnueabihf/libc/usr/lib/arm-linux-gnueabihf/crt1.o
                0x00009780                PROVIDE (__rel_iplt_end, .)
                0x00009780                PROVIDE (__rela_iplt_start, .)
                0x00009780                PROVIDE (__rela_iplt_end, .)

.rela.dyn       0x00009780        0x0
 *(.rela.init)
 *(.rela.text .rela.text.* .rela.gnu.linkonce.t.*)
 *(.rela.fini)
 *(.rela.rodata .rela.rodata.* .rela.gnu.linkonce.r.*)
 *(.rela.data .rela.data.* .rela.gnu.linkonce.d.*)
 *(.rela.tdata .rela.tdata.* .rela.gnu.linkonce.td.*)
 *(.rela.tbss .rela.tbss.* .rela.gnu.linkonce.tb.*)
 *(.rela.ctors)
 *(.rela.dtors)
 *(.rela.got)
 *(.rela.bss .rela.bss.* .rela.gnu.linkonce.b.*)
                0x00009780                PROVIDE (__rel_iplt_start, .)
                0x00009780                PROVIDE (__rel_iplt_end, .)
                0x00009780                PROVIDE (__rela_iplt_start, .)
 *(.rela.iplt)
                0x00009780                PROVIDE (__rela_iplt_end, .)

.rel.plt        0x00009780      0x428
 *(.rel.plt)
 .rel.plt       0x00009780      0x428 /home/work/gcc-linaro-arm-linux-gnueabihf-4.7-2013.03-20130313_linux/bin/../arm-linux-gnueabihf/libc/usr/lib/arm-linux-gnueabihf/crt1.o

.rela.plt
 *(.rela.plt)

.init           0x00009ba8        0xa
 *(SORT(.init))
 .init          0x00009ba8        0x8 /home/work/gcc-linaro-arm-linux-gnueabihf-4.7-2013.03-20130313_linux/bin/../arm-linux-gnueabihf/libc/usr/lib/arm-linux-gnueabihf/crti.o
                0x00009ba8                _init
 .init          0x00009bb0        0x2 /home/work/gcc-linaro-arm-linux-gnueabihf-4.7-2013.03-20130313_linux/bin/../arm-linux-gnueabihf/libc/usr/lib/arm-linux-gnueabihf/crtn.o

.plt            0x00009bb4      0x658
 *(.plt)
 .plt           0x00009bb4      0x658 /home/work/gcc-linaro-arm-linux-gnueabihf-4.7-2013.03-20130313_linux/bin/../arm-linux-gnueabihf/libc/usr/lib/arm-linux-gnueabihf/crt1.o
                0x00009bc8                g_free
                0x00009bd4                open@@GLIBC_2.4
                0x00009be0                omap_bo_cpu_prep
                0x00009bec                sync@@GLIBC_2.4
                0x00009bf8                sigemptyset@@GLIBC_2.4
                0x00009c04                strerror@@GLIBC_2.4
                0x00009c10                fileno@@GLIBC_2.4
                0x00009c1c                omap_bo_cpu_fini
                0x00009c28                mmap@@GLIBC_2.4
                0x00009c34                abort@@GLIBC_2.4
                0x00009c40                connect@@GLIBC_2.4
                0x00009c4c                localtime@@GLIBC_2.4
                0x00009c58                opendir@@GLIBC_2.4
                0x00009c64                sysconf@@GLIBC_2.4
                0x00009c70                sigwaitinfo@@GLIBC_2.4
                0x00009c80                __xstat@@GLIBC_2.4
                0x00009c8c                __libc_start_main@@GLIBC_2.4
                0x00009c98                inet_ntoa@@GLIBC_2.4
                0x00009ca4                omap_bo_map
                0x00009cb0                signal@@GLIBC_2.4
                0x00009cbc                g_key_file_get_string
                0x00009cc8                mq_timedsend@@GLIBC_2.4
                0x00009cd4                pthread_attr_setschedpolicy@@GLIBC_2.4
                0x00009cf0                g_key_file_new
                0x00009cfc                inet_addr@@GLIBC_2.4
                0x00009d08                strncpy@@GLIBC_2.4
                0x00009d14                fclose@@GLIBC_2.4
                0x00009d20                fgets@@GLIBC_2.4
                0x00009d2c                recv@@GLIBC_2.4
                0x00009d38                dce_init
                0x00009d44                g_key_file_set_string
                0x00009d50                omap_bo_new
                0x00009d5c                pclose@@GLIBC_2.4
                0x00009d68                VIDDEC2_dsp2_process
                0x00009d74                listen@@GLIBC_2.4
                0x00009d80                calloc@@GLIBC_2.4
                0x00009d8c                pthread_cond_wait@@GLIBC_2.4
                0x00009d98                sem_init@@GLIBC_2.4
                0x00009da4                sendto@@GLIBC_2.4
                0x00009db0                htons@@GLIBC_2.4
                0x00009dbc                fopen@@GLIBC_2.4
                0x00009dc8                shmat@@GLIBC_2.4
                0x00009dd4                sched_get_priority_max@@GLIBC_2.4
                0x00009de0                mktime@@GLIBC_2.4
                0x00009dec                memset@@GLIBC_2.4
                0x00009df8                g_key_file_set_list_separator
                0x00009e04                VIDDEC2_dsp2_create
                0x00009e10                sem_destroy@@GLIBC_2.4
                0x00009e1c                fsync@@GLIBC_2.4
                0x00009e28                pthread_attr_setschedparam@@GLIBC_2.4
                0x00009e34                perror@@GLIBC_2.4
                0x00009e40                shmdt@@GLIBC_2.4
                0x00009e4c                usleep@@GLIBC_2.4
                0x00009e58                VIDDEC2_dsp2_delete
                0x00009e64                free@@GLIBC_2.4
                0x00009e70                read@@GLIBC_2.4
                0x00009e7c                write@@GLIBC_2.4
                0x00009e88                dsp_dce_alloc
                0x00009e94                gettimeofday@@GLIBC_2.4
                0x00009ea0                fseek@@GLIBC_2.4
                0x00009eac                accept@@GLIBC_2.4
                0x00009eb8                g_key_file_get_integer
                0x00009ec4                pthread_mutex_unlock@@GLIBC_2.4
                0x00009ed0                VIDDEC2_create
                0x00009edc                socket@@GLIBC_2.4
                0x00009ee8                execl@@GLIBC_2.4
                0x00009ef4                fflush@@GLIBC_2.4
                0x00009f00                ioctl@@GLIBC_2.4
                0x00009f0c                pthread_mutex_lock@@GLIBC_2.4
                0x00009f18                strlen@@GLIBC_2.4
                0x00009f24                g_key_file_to_data
                0x00009f30                unlink@@GLIBC_2.4
                0x00009f3c                pthread_create@@GLIBC_2.4
                0x00009f48                mq_open@@GLIBC_2.4
                0x00009f54                memcpy@@GLIBC_2.4
                0x00009f60                pthread_cond_signal@@GLIBC_2.4
                0x00009f6c                sigaddset@@GLIBC_2.4
                0x00009f78                strcpy@@GLIBC_2.4
                0x00009f84                sem_post@@GLIBC_2.4
                0x00009f90                pthread_sigmask@@GLIBC_2.4
                0x00009f9c                settimeofday@@GLIBC_2.4
                0x00009fa8                printf@@GLIBC_2.4
                0x00009fb4                atoi@@GLIBC_2.4
                0x00009fc0                pthread_mutex_init@@GLIBC_2.4
                0x00009fcc                shutdown@@GLIBC_2.4
                0x00009fd8                bind@@GLIBC_2.4
                0x00009fe4                close@@GLIBC_2.4
                0x00009ff0                fwrite@@GLIBC_2.4
                0x00009ffc                pthread_attr_setstacksize@@GLIBC_2.4
                0x0000a008                remove@@GLIBC_2.4
                0x0000a014                time@@GLIBC_2.4
                0x0000a020                fprintf@@GLIBC_2.4
                0x0000a02c                VIDDEC2_dsp2_control
                0x0000a038                malloc@@GLIBC_2.4
                0x0000a044                g_key_file_load_from_file
                0x0000a050                VIDDEC2_control
                0x0000a05c                pthread_attr_init@@GLIBC_2.4
                0x0000a068                Engine_open
                0x0000a074                omap_bo_dmabuf
                0x0000a080                sleep@@GLIBC_2.4
                0x0000a08c                send@@GLIBC_2.4
                0x0000a098                popen@@GLIBC_2.4
                0x0000a0a4                puts@@GLIBC_2.4
                0x0000a0b0                g_file_set_contents
                0x0000a0bc                getpid@@GLIBC_2.4
                0x0000a0c8                g_key_file_set_integer
                0x0000a0d4                fcntl@@GLIBC_2.4
                0x0000a0e0                bzero@@GLIBC_2.4
                0x0000a0ec                fork@@GLIBC_2.4
                0x0000a0f8                shmctl@@GLIBC_2.4
                0x0000a104                htonl@@GLIBC_2.4
                0x0000a110                mq_receive@@GLIBC_2.4
                0x0000a11c                pthread_attr_destroy@@GLIBC_2.4
                0x0000a128                VIDDEC2_process
                0x0000a134                Engine_close
                0x0000a140                pthread_attr_setaffinity_np@@GLIBC_2.4
                0x0000a14c                pthread_detach@@GLIBC_2.4
                0x0000a158                recvfrom@@GLIBC_2.4
                0x0000a164                setsockopt@@GLIBC_2.4
                0x0000a170                readdir@@GLIBC_2.4
                0x0000a17c                sem_wait@@GLIBC_2.4
                0x0000a188                msync@@GLIBC_2.4
                0x0000a194                g_log
                0x0000a1a0                strcmp@@GLIBC_2.4
                0x0000a1ac                exit@@GLIBC_2.4
                0x0000a1b8                __errno_location@@GLIBC_2.4
                0x0000a1c4                pthread_self@@GLIBC_2.4
                0x0000a1d0                VIDDEC2_delete
                0x0000a1dc                sprintf@@GLIBC_2.4
                0x0000a1e8                mq_send@@GLIBC_2.4
                0x0000a1f4                dsp2_dce_alloc
                0x0000a200                shmget@@GLIBC_2.4

.iplt           0x0000a20c        0x0
 *(.iplt)
 .iplt          0x00000000        0x0 /home/work/gcc-linaro-arm-linux-gnueabihf-4.7-2013.03-20130313_linux/bin/../arm-linux-gnueabihf/libc/usr/lib/arm-linux-gnueabihf/crt1.o

.text           0x0000a20c     0xcdd0
 *(.text.unlikely .text.*_unlikely)
 *(.text.exit .text.exit.*)
 *(.text.startup .text.startup.*)
 *(.text.hot .text.hot.*)
 *(.text .stub .text.* .gnu.linkonce.t.*)
 .text          0x0000a20c       0x38 /home/work/gcc-linaro-arm-linux-gnueabihf-4.7-2013.03-20130313_linux/bin/../arm-linux-gnueabihf/libc/usr/lib/arm-linux-gnueabihf/crt1.o
                0x0000a20c                _start
 .text          0x0000a244       0x18 /home/work/gcc-linaro-arm-linux-gnueabihf-4.7-2013.03-20130313_linux/bin/../arm-linux-gnueabihf/libc/usr/lib/arm-linux-gnueabihf/crti.o
 .text          0x0000a25c       0x88 /home/work/gcc-linaro-arm-linux-gnueabihf-4.7-2013.03-20130313_linux/bin/../lib/gcc/arm-linux-gnueabihf/4.7.3/crtbegin.o
 .text.create_buf_factory
                0x0000a2e4      0x310 ./tool/buf_factory.o
                0x0000a2e4                create_buf_factory
 .text.buf_factory_produce
                0x0000a5f4       0xa0 ./tool/buf_factory.o
                0x0000a5f4                buf_factory_produce
 .text.buf_factory_recycle
                0x0000a694       0x54 ./tool/buf_factory.o
                0x0000a694                buf_factory_recycle
 .text.crc16_byte
                0x0000a6e8       0x38 ./tool/crc16.o
 .text.crc16    0x0000a720       0x4c ./tool/crc16.o
                0x0000a720                crc16
 .text.alt_avalon_spi_command
                0x0000a76c      0x158 ./tool/epcs.o
                0x0000a76c                alt_avalon_spi_command
 .text.alt_epcs_test_address
                0x0000a8c4       0x58 ./tool/epcs.o
 .text.epcs_write_enable
                0x0000a91c       0x30 ./tool/epcs.o
                0x0000a91c                epcs_write_enable
 .text.epcs_read_status_register
                0x0000a94c       0x38 ./tool/epcs.o
                0x0000a94c                epcs_read_status_register
 .text.epcs_test_wip
                0x0000a984       0x2c ./tool/epcs.o
 .text.epcs_await_wip_released
                0x0000a9b0       0x20 ./tool/epcs.o
 .text.epcs_write_buffer
                0x0000a9d0       0x80 ./tool/epcs.o
                0x0000a9d0                epcs_write_buffer
 .text.alt_epcs_flash_write_block
                0x0000aa50       0x9c ./tool/epcs.o
                0x0000aa50                alt_epcs_flash_write_block
 .text.init_alt_flash_epcs_dev
                0x0000aaec       0x60 ./tool/epcs.o
                0x0000aaec                init_alt_flash_epcs_dev
 .text.epcs_bulk_erase
                0x0000ab4c       0x3c ./tool/epcs.o
                0x0000ab4c                epcs_bulk_erase
 .text.key_file_open
                0x0000ab88       0x6c ./tool/key_file.o
                0x0000ab88                key_file_open
 .text.key_file_save
                0x0000abf4       0x74 ./tool/key_file.o
                0x0000abf4                key_file_save
 .text.key_file_get_int
                0x0000ac68       0x4c ./tool/key_file.o
                0x0000ac68                key_file_get_int
 .text.key_file_set_int
                0x0000acb4       0x2c ./tool/key_file.o
                0x0000acb4                key_file_set_int
 .text.key_file_get_string
                0x0000ace0       0x64 ./tool/key_file.o
                0x0000ace0                key_file_get_string
 .text.key_file_set_string
                0x0000ad44       0x2c ./tool/key_file.o
                0x0000ad44                key_file_set_string
 .text.init_list_head
                0x0000ad70       0x20 ./tool/list.o
                0x0000ad70                init_list_head
 .text._list_add
                0x0000ad90       0x30 ./tool/list.o
 .text.list_add_tail
                0x0000adc0       0x20 ./tool/list.o
                0x0000adc0                list_add_tail
 .text._list_del
                0x0000ade0       0x20 ./tool/list.o
 .text.list_del
                0x0000ae00       0x2c ./tool/list.o
                0x0000ae00                list_del
 .text.list_empty
                0x0000ae2c       0x24 ./tool/list.o
                0x0000ae2c                list_empty
 .text.mailbox_create
                0x0000ae50       0x70 ./tool/mailbox.o
                0x0000ae50                mailbox_create
 .text.mailbox_post
                0x0000aec0       0x70 ./tool/mailbox.o
                0x0000aec0                mailbox_post
 .text.mailbox_pend
                0x0000af30       0x74 ./tool/mailbox.o
                0x0000af30                mailbox_pend
 .text.mailbox_timedpost
                0x0000afa4       0x54 ./tool/mailbox.o
                0x0000afa4                mailbox_timedpost
 .text.msg_set_data
                0x0000aff8       0x84 ./tool/message.o
                0x0000aff8                msg_set_data
 .text.msg_get_data
                0x0000b07c       0x6c ./tool/message.o
                0x0000b07c                msg_get_data
 .text.msg_get_data_num
                0x0000b0e8       0x28 ./tool/message.o
                0x0000b0e8                msg_get_data_num
 .text.msg_set_queue
                0x0000b110       0x30 ./tool/message.o
                0x0000b110                msg_set_queue
 .text.msg_set_prio
                0x0000b140       0x30 ./tool/message.o
                0x0000b140                msg_set_prio
 .text.msg_clear
                0x0000b170       0x40 ./tool/message.o
                0x0000b170                msg_clear
 .text.create_msg_factory
                0x0000b1b0      0x36c ./tool/msg_factory.o
                0x0000b1b0                create_msg_factory
 .text.msg_factory_produce
                0x0000b51c       0xe8 ./tool/msg_factory.o
                0x0000b51c                msg_factory_produce
 .text.msg_factory_recycle
                0x0000b604       0xd8 ./tool/msg_factory.o
                0x0000b604                msg_factory_recycle
 .text.msg_factory_cast
                0x0000b6dc       0x20 ./tool/msg_factory.o
                0x0000b6dc                msg_factory_cast
 .text.shared_memory_alloc
                0x0000b6fc      0x14c ./tool/shared_mem_manager.o
                0x0000b6fc                shared_memory_alloc
 .text.shared_memory_cpu_fini
                0x0000b848       0x28 ./tool/shared_mem_manager.o
                0x0000b848                shared_memory_cpu_fini
 .text.shared_memory_cpu_prep
                0x0000b870       0x28 ./tool/shared_mem_manager.o
                0x0000b870                shared_memory_cpu_prep
 .text.add_new_thread_prepare
                0x0000b898      0x24c ./tool/thread.o
 .text.add_new_thread
                0x0000bae4      0x10c ./tool/thread.o
                0x0000bae4                add_new_thread
 .text.v4l2_open
                0x0000bbf0       0xb8 ./tool/v4l2.o
                0x0000bbf0                v4l2_open
 .text.v4l2_setfmt
                0x0000bca8       0x94 ./tool/v4l2.o
                0x0000bca8                v4l2_setfmt
 .text.v4l2_reqbufs
                0x0000bd3c      0x1c4 ./tool/v4l2.o
                0x0000bd3c                v4l2_reqbufs
 .text.v4l2_streamon
                0x0000bf00       0x58 ./tool/v4l2.o
                0x0000bf00                v4l2_streamon
 .text.v4l2_qbuf
                0x0000bf58       0x50 ./tool/v4l2.o
                0x0000bf58                v4l2_qbuf
 .text.v4l2_dqbuf
                0x0000bfa8       0x4c ./tool/v4l2.o
                0x0000bfa8                v4l2_dqbuf
 .text.send_handshake_cmd
                0x0000bff4       0x44 ./reject/local_protocol.o
                0x0000bff4                send_handshake_cmd
 .text.send_sample_reault
                0x0000c038       0x68 ./reject/local_protocol.o
                0x0000c038                send_sample_reault
 .text.get_sample_result_array
                0x0000c0a0       0x78 ./reject/local_protocol.o
                0x0000c0a0                get_sample_result_array
 .text.send_reset_cmd
                0x0000c118       0x44 ./reject/local_protocol.o
                0x0000c118                send_reset_cmd
 .text.send_test_pos
                0x0000c15c      0x240 ./reject/local_protocol.o
                0x0000c15c                send_test_pos
 .text.recv_shack_response
                0x0000c39c       0x24 ./reject/local_protocol.o
 .text.recv_reset_response
                0x0000c3c0       0x14 ./reject/local_protocol.o
 .text.recv_pos_report
                0x0000c3d4       0x3c ./reject/local_protocol.o
 .text.local_cmd_analyze
                0x0000c410       0x5c ./reject/local_protocol.o
                0x0000c410                local_cmd_analyze
 .text.local_connect_tsk
                0x0000c46c      0x1d8 ./reject/local_socket.o
                0x0000c46c                local_connect_tsk
 .text.local_send_tsk
                0x0000c644       0xc4 ./reject/local_socket.o
                0x0000c644                local_send_tsk
 .text.local_recv_tsk
                0x0000c708      0x15c ./reject/local_socket.o
                0x0000c708                local_recv_tsk
 .text.local_socket_init
                0x0000c864       0x9c ./reject/local_socket.o
                0x0000c864                local_socket_init
 .text.net_send_tsk
                0x0000c900      0x104 ./net/net.o
                0x0000c900                net_send_tsk
 .text.net_connect_tsk
                0x0000ca04      0x100 ./net/net.o
                0x0000ca04                net_connect_tsk
 .text.net_recv_tsk
                0x0000cb04      0x224 ./net/net.o
                0x0000cb04                net_recv_tsk
 .text.net_context_init
                0x0000cd28       0xa8 ./net/net.o
                0x0000cd28                net_context_init
 .text.allow_send_sample
                0x0000cdd0       0x70 ./net/net_protocol.o
                0x0000cdd0                allow_send_sample
 .text.up_info_0x45530101
                0x0000ce40      0x1dc ./net/net_protocol.o
                0x0000ce40                up_info_0x45530101
 .text.allow_send_image
                0x0000d01c       0x3c ./net/net_protocol.o
                0x0000d01c                allow_send_image
 .text.up_info_0x45530102
                0x0000d058      0x2c0 ./net/net_protocol.o
                0x0000d058                up_info_0x45530102
 .text.up_info_0x45530103
                0x0000d318       0x90 ./net/net_protocol.o
                0x0000d318                up_info_0x45530103
 .text.up_info_0x45530104
                0x0000d3a8       0x7c ./net/net_protocol.o
                0x0000d3a8                up_info_0x45530104
 .text.up_info_0x45530105
                0x0000d424       0x80 ./net/net_protocol.o
                0x0000d424                up_info_0x45530105
 .text.up_info_0x45530106
                0x0000d4a4       0x7c ./net/net_protocol.o
                0x0000d4a4                up_info_0x45530106
 .text.up_info_0x45530107
                0x0000d520       0x7c ./net/net_protocol.o
                0x0000d520                up_info_0x45530107
 .text.up_info_0x45530109
                0x0000d59c       0x7c ./net/net_protocol.o
                0x0000d59c                up_info_0x45530109
 .text.up_info_0x4553010C
                0x0000d618       0x84 ./net/net_protocol.o
                0x0000d618                up_info_0x4553010C
 .text.up_info_0x4553010D
                0x0000d69c       0x7c ./net/net_protocol.o
                0x0000d69c                up_info_0x4553010D
 .text.up_info_0x4553010E
                0x0000d718       0x80 ./net/net_protocol.o
                0x0000d718                up_info_0x4553010E
 .text.up_info_0x4553010F
                0x0000d798       0x7c ./net/net_protocol.o
                0x0000d798                up_info_0x4553010F
 .text.up_info_0x45530112
                0x0000d814       0x7c ./net/net_protocol.o
                0x0000d814                up_info_0x45530112
 .text.up_info_0x45530114
                0x0000d890       0xa4 ./net/net_protocol.o
                0x0000d890                up_info_0x45530114
 .text.up_info_0x45530115
                0x0000d934       0x7c ./net/net_protocol.o
                0x0000d934                up_info_0x45530115
 .text.up_info_0x45530116
                0x0000d9b0       0x7c ./net/net_protocol.o
                0x0000d9b0                up_info_0x45530116
 .text.up_info_0x45530117
                0x0000da2c       0x7c ./net/net_protocol.o
                0x0000da2c                up_info_0x45530117
 .text.down_info_0x45521101
                0x0000daa8       0x54 ./net/net_protocol.o
                0x0000daa8                down_info_0x45521101
 .text.down_info_0x45521102
                0x0000dafc       0x4c ./net/net_protocol.o
                0x0000dafc                down_info_0x45521102
 .text.down_info_0x45521103
                0x0000db48       0x4c ./net/net_protocol.o
                0x0000db48                down_info_0x45521103
 .text.down_info_0x45521104
                0x0000db94       0x4c ./net/net_protocol.o
                0x0000db94                down_info_0x45521104
 .text.down_info_0x45521105
                0x0000dbe0       0x4c ./net/net_protocol.o
                0x0000dbe0                down_info_0x45521105
 .text.down_info_0x45521106
                0x0000dc2c       0x4c ./net/net_protocol.o
                0x0000dc2c                down_info_0x45521106
 .text.down_info_0x45521107
                0x0000dc78       0x4c ./net/net_protocol.o
                0x0000dc78                down_info_0x45521107
 .text.down_info_0x45521108
                0x0000dcc4       0x4c ./net/net_protocol.o
                0x0000dcc4                down_info_0x45521108
 .text.down_info_0x45521109
                0x0000dd10       0x4c ./net/net_protocol.o
                0x0000dd10                down_info_0x45521109
 .text.down_info_0x4552110A
                0x0000dd5c       0x4c ./net/net_protocol.o
                0x0000dd5c                down_info_0x4552110A
 .text.down_info_0x4552110B
                0x0000dda8       0x4c ./net/net_protocol.o
                0x0000dda8                down_info_0x4552110B
 .text.down_info_0x4552110C
                0x0000ddf4       0x4c ./net/net_protocol.o
                0x0000ddf4                down_info_0x4552110C
 .text.down_info_0x4552110D
                0x0000de40       0x44 ./net/net_protocol.o
                0x0000de40                down_info_0x4552110D
 .text.down_info_0x4552110E
                0x0000de84       0x44 ./net/net_protocol.o
                0x0000de84                down_info_0x4552110E
 .text.down_info_0x4552110F
                0x0000dec8       0x44 ./net/net_protocol.o
                0x0000dec8                down_info_0x4552110F
 .text.down_info_0x45521110
                0x0000df0c      0x390 ./net/net_protocol.o
                0x0000df0c                down_info_0x45521110
 .text.down_info_0x45521111
                0x0000e29c       0x4c ./net/net_protocol.o
                0x0000e29c                down_info_0x45521111
 .text.down_info_0x45521112
                0x0000e2e8       0x4c ./net/net_protocol.o
                0x0000e2e8                down_info_0x45521112
 .text.down_info_0x45521113
                0x0000e334       0x44 ./net/net_protocol.o
                0x0000e334                down_info_0x45521113
 .text.down_info_0x45521114
                0x0000e378       0x44 ./net/net_protocol.o
                0x0000e378                down_info_0x45521114
 .text.down_info_0x45521115
                0x0000e3bc       0x48 ./net/net_protocol.o
                0x0000e3bc                down_info_0x45521115
 .text.down_info_0x45521116
                0x0000e404      0x1e4 ./net/net_protocol.o
                0x0000e404                down_info_0x45521116
 .text.down_info_0x45521117
                0x0000e5e8       0x4c ./net/net_protocol.o
                0x0000e5e8                down_info_0x45521117
 .text.down_info_0x45521118
                0x0000e634       0x4c ./net/net_protocol.o
                0x0000e634                down_info_0x45521118
 .text.down_info_0x45521119
                0x0000e680       0x4c ./net/net_protocol.o
                0x0000e680                down_info_0x45521119
 .text.down_info_0x4552111A
                0x0000e6cc       0x50 ./net/net_protocol.o
                0x0000e6cc                down_info_0x4552111A
 .text.down_info_0x4552111B
                0x0000e71c      0x144 ./net/net_protocol.o
                0x0000e71c                down_info_0x4552111B
 .text.down_info_0x45522101
                0x0000e860       0x48 ./net/net_protocol.o
                0x0000e860                down_info_0x45522101
 .text.down_info_0x45522102
                0x0000e8a8       0x40 ./net/net_protocol.o
                0x0000e8a8                down_info_0x45522102
 .text.down_info_0x45522103
                0x0000e8e8       0x48 ./net/net_protocol.o
                0x0000e8e8                down_info_0x45522103
 .text.down_info_0x45522104
                0x0000e930       0x48 ./net/net_protocol.o
                0x0000e930                down_info_0x45522104
 .text.down_info_0x45522105
                0x0000e978       0x48 ./net/net_protocol.o
                0x0000e978                down_info_0x45522105
 .text.down_info_0x45522106
                0x0000e9c0       0x48 ./net/net_protocol.o
                0x0000e9c0                down_info_0x45522106
 .text.down_info_0x45522107
                0x0000ea08       0x48 ./net/net_protocol.o
                0x0000ea08                down_info_0x45522107
 .text.down_info_0x45522108
                0x0000ea50       0x48 ./net/net_protocol.o
                0x0000ea50                down_info_0x45522108
 .text.down_info_0x45522109
                0x0000ea98       0x48 ./net/net_protocol.o
                0x0000ea98                down_info_0x45522109
 .text.down_info_0x4552210A
                0x0000eae0       0x48 ./net/net_protocol.o
                0x0000eae0                down_info_0x4552210A
 .text.down_info_0x4552210B
                0x0000eb28       0x40 ./net/net_protocol.o
                0x0000eb28                down_info_0x4552210B
 .text.down_info_0x4552210C
                0x0000eb68       0x48 ./net/net_protocol.o
                0x0000eb68                down_info_0x4552210C
 .text.down_info_0x4552210D
                0x0000ebb0       0x48 ./net/net_protocol.o
                0x0000ebb0                down_info_0x4552210D
 .text.down_info_0x4552210E
                0x0000ebf8       0x48 ./net/net_protocol.o
                0x0000ebf8                down_info_0x4552210E
 .text.tcp_client_create_socket
                0x0000ec40       0x90 ./net/tcp.o
                0x0000ec40                tcp_client_create_socket
 .text.client_connect_server
                0x0000ecd0       0x68 ./net/tcp.o
                0x0000ecd0                client_connect_server
 .text.client_break_socket
                0x0000ed38       0x74 ./net/tcp.o
                0x0000ed38                client_break_socket
 .text.check_link_status
                0x0000edac       0xbc ./net/tcp.o
                0x0000edac                check_link_status
 .text.client_recv_data
                0x0000ee68       0x60 ./net/tcp.o
                0x0000ee68                client_recv_data
 .text.client_send_data
                0x0000eec8       0x34 ./net/tcp.o
                0x0000eec8                client_send_data
 .text.udp_socket_create
                0x0000eefc       0xc4 ./net/udp.o
                0x0000eefc                udp_socket_create
 .text.check_dhcp_state
                0x0000efc0       0xcc ./net/udp.o
                0x0000efc0                check_dhcp_state
 .text.shakehand_with_pc
                0x0000f08c      0x134 ./net/udp.o
                0x0000f08c                shakehand_with_pc
 .text.lvds1_communicate_tsk
                0x0000f1c0      0x2bc ./lvds/lvds_context.o
                0x0000f1c0                lvds1_communicate_tsk
 .text.lvds2_communicate_tsk
                0x0000f47c      0x2bc ./lvds/lvds_context.o
                0x0000f47c                lvds2_communicate_tsk
 .text.lvds_context_init
                0x0000f738       0x68 ./lvds/lvds_context.o
                0x0000f738                lvds_context_init
 .text.get_lvds_context_mailbox
                0x0000f7a0       0x40 ./lvds/lvds_context.o
                0x0000f7a0                get_lvds_context_mailbox
 .text.myexec   0x0000f7e0       0x4c ./interface/led.o
                0x0000f7e0                myexec
 .text.led_tsk  0x0000f82c       0x7c ./interface/led.o
                0x0000f82c                led_tsk
 .text.led_context_init
                0x0000f8a8       0x24 ./interface/led.o
                0x0000f8a8                led_context_init
 .text.log_builder
                0x0000f8cc       0x18 ./interface/sys_log.o
                0x0000f8cc                log_builder
 .text.log_search
                0x0000f8e4      0x1dc ./interface/sys_log.o
                0x0000f8e4                log_search
 .text.logging_tsk
                0x0000fac0      0x210 ./interface/sys_log.o
                0x0000fac0                logging_tsk
 .text.log_context_init
                0x0000fcd0       0x3c ./interface/sys_log.o
                0x0000fcd0                log_context_init
 .text.up_info_0x45530A01
                0x0000fd0c       0x98 ./interface/ui_protocol.o
                0x0000fd0c                up_info_0x45530A01
 .text.up_info_0x45530A02
                0x0000fda4       0x88 ./interface/ui_protocol.o
                0x0000fda4                up_info_0x45530A02
 .text.up_info_0x45530A03
                0x0000fe2c      0x164 ./interface/ui_protocol.o
                0x0000fe2c                up_info_0x45530A03
 .text.up_info_0x45530A04
                0x0000ff90       0x98 ./interface/ui_protocol.o
                0x0000ff90                up_info_0x45530A04
 .text.up_info_0x45530A06
                0x00010028       0x9c ./interface/ui_protocol.o
                0x00010028                up_info_0x45530A06
 .text.up_info_0x45530A07
                0x000100c4      0x274 ./interface/ui_protocol.o
                0x000100c4                up_info_0x45530A07
 .text.down_info_0x45530B01
                0x00010338       0x50 ./interface/ui_protocol.o
                0x00010338                down_info_0x45530B01
 .text.down_info_0x45530B02
                0x00010388       0x54 ./interface/ui_protocol.o
                0x00010388                down_info_0x45530B02
 .text.down_info_0x45530B03
                0x000103dc       0x48 ./interface/ui_protocol.o
                0x000103dc                down_info_0x45530B03
 .text.down_info_0x45530B04
                0x00010424       0x54 ./interface/ui_protocol.o
                0x00010424                down_info_0x45530B04
 .text.down_info_0x45530B05
                0x00010478       0x60 ./interface/ui_protocol.o
                0x00010478                down_info_0x45530B05
 .text.down_info_0x45530B06
                0x000104d8       0x48 ./interface/ui_protocol.o
                0x000104d8                down_info_0x45530B06
 .text.ui_protocol_analyze
                0x00010520       0x60 ./interface/ui_protocol.o
                0x00010520                ui_protocol_analyze
 .text.ui_connect_tsk
                0x00010580       0xf8 ./interface/ui_socket.o
                0x00010580                ui_connect_tsk
 .text.ui_recv_tsk
                0x00010678      0x100 ./interface/ui_socket.o
                0x00010678                ui_recv_tsk
 .text.ui_send_tsk
                0x00010778       0xd0 ./interface/ui_socket.o
                0x00010778                ui_send_tsk
 .text.ui_context_init
                0x00010848       0x7c ./interface/ui_socket.o
                0x00010848                ui_context_init
 .text.query_temp
                0x000108c4       0x88 ./interface/upstate.o
                0x000108c4                query_temp
 .text.upstate_tsk
                0x0001094c      0x328 ./interface/upstate.o
                0x0001094c                upstate_tsk
 .text.kick_count_reset
                0x00010c74       0xac ./interface/upstate.o
                0x00010c74                kick_count_reset
 .text.upstate_context_init
                0x00010d20       0x30 ./interface/upstate.o
                0x00010d20                upstate_context_init
 .text.get_dsp  0x00010d50       0x6c ./image/dsp.o
                0x00010d50                get_dsp
 .text.connect_to_dsp1
                0x00010dbc      0x2ac ./image/dsp.o
                0x00010dbc                connect_to_dsp1
 .text.connect_to_dsp2
                0x00011068      0x2ac ./image/dsp.o
                0x00011068                connect_to_dsp2
 .text.disconnect_from_dsp1
                0x00011314       0x60 ./image/dsp.o
                0x00011314                disconnect_from_dsp1
 .text.disconnect_from_dsp2
                0x00011374       0x60 ./image/dsp.o
                0x00011374                disconnect_from_dsp2
 .text.create_dsp_factory
                0x000113d4      0x120 ./image/dsp.o
                0x000113d4                create_dsp_factory
 .text.dsp1_process
                0x000114f4      0x300 ./image/dsp.o
 .text.dsp1_set_algo_params
                0x000117f4       0x8c ./image/dsp.o
 .text.dsp1_get_version
                0x00011880       0x84 ./image/dsp.o
 .text.dsp2_process
                0x00011904      0x300 ./image/dsp.o
 .text.dsp2_set_algo_params
                0x00011c04       0x8c ./image/dsp.o
 .text.dsp2_get_version
                0x00011c90       0x84 ./image/dsp.o
 .text.dsp_factory_produce
                0x00011d14       0x80 ./image/dsp.o
                0x00011d14                dsp_factory_produce
 .text.dsp_factory_recycle
                0x00011d94       0x4c ./image/dsp.o
                0x00011d94                dsp_factory_recycle
 .text.dsp_factory_rectify
                0x00011de0       0xc0 ./image/dsp.o
                0x00011de0                dsp_factory_rectify
 .text.is_dsps_idle
                0x00011ea0       0x3c ./image/dsp.o
 .text.dsp1_process_tsk
                0x00011edc      0x158 ./image/dsp_context.o
                0x00011edc                dsp1_process_tsk
 .text.dsp2_process_tsk
                0x00012034      0x15c ./image/dsp_context.o
                0x00012034                dsp2_process_tsk
 .text.dsps_update_params_tsk
                0x00012190       0x3c ./image/dsp_context.o
                0x00012190                dsps_update_params_tsk
 .text.dsp_context_init
                0x000121cc       0xa4 ./image/dsp_context.o
                0x000121cc                dsp_context_init
 .text.sample_count_init
                0x00012270       0x64 ./image/sample_count.o
                0x00012270                sample_count_init
 .text.find_current_count
                0x000122d4       0xa4 ./image/sample_count.o
                0x000122d4                find_current_count
 .text.write_sample_count
                0x00012378       0x9c ./image/sample_count.o
                0x00012378                write_sample_count
 .text.sample_factory_produce
                0x00012414       0x64 ./image/sample_factory.o
                0x00012414                sample_factory_produce
 .text.sample_factory_recycle
                0x00012478       0x3c ./image/sample_factory.o
                0x00012478                sample_factory_recycle
 .text.create_sample_factory
                0x000124b4       0xcc ./image/sample_factory.o
                0x000124b4                create_sample_factory
 .text.shared_vid1_buf_create
                0x00012580      0x22c ./image/shared_vid_buf.o
                0x00012580                shared_vid1_buf_create
 .text.shared_vid2_buf_create
                0x000127ac      0x22c ./image/shared_vid_buf.o
                0x000127ac                shared_vid2_buf_create
 .text.video_start_capture
                0x000129d8       0x60 ./image/video.o
                0x000129d8                video_start_capture
 .text.video_request_img_buf
                0x00012a38       0x88 ./image/video.o
                0x00012a38                video_request_img_buf
 .text.video_release_img_buf
                0x00012ac0       0x30 ./image/video.o
                0x00012ac0                video_release_img_buf
 .text.create_video_channel
                0x00012af0      0x1d4 ./image/video.o
                0x00012af0                create_video_channel
 .text.get_overclock_img_buf
                0x00012cc4       0x54 ./image/video_context.o
                0x00012cc4                get_overclock_img_buf
 .text.sample_count_reset
                0x00012d18       0x24 ./image/video_context.o
                0x00012d18                sample_count_reset
 .text.video_context_release
                0x00012d3c      0x238 ./image/video_context.o
                0x00012d3c                video_context_release
 .text.image_sim_tsk
                0x00012f74      0x1b8 ./image/video_context.o
                0x00012f74                image_sim_tsk
 .text.image_capture_tsk
                0x0001312c      0x7e8 ./image/video_context.o
                0x0001312c                image_capture_tsk
 .text.image_send_tsk
                0x00013914       0x40 ./image/video_context.o
                0x00013914                image_send_tsk
 .text.image_show_tsk
                0x00013954      0x110 ./image/video_context.o
                0x00013954                image_show_tsk
 .text.image_process_tsk
                0x00013a64       0x84 ./image/video_context.o
                0x00013a64                image_process_tsk
 .text.video_context_init
                0x00013ae8      0x3ec ./image/video_context.o
                0x00013ae8                video_context_init
 .text.sig_handler
                0x00013ed4      0x458 ./fpga/fpga.o
                0x00013ed4                sig_handler
 .text.fpga_context_init
                0x0001432c      0x130 ./fpga/fpga.o
                0x0001432c                fpga_context_init
 .text.fpga_get_current_code
                0x0001445c       0x98 ./fpga/fpga.o
                0x0001445c                fpga_get_current_code
 .text.fpga_get_vp5_shoot_code
                0x000144f4       0xb0 ./fpga/fpga.o
                0x000144f4                fpga_get_vp5_shoot_code
 .text.fpga_get_vp6_shoot_code
                0x000145a4       0xb0 ./fpga/fpga.o
                0x000145a4                fpga_get_vp6_shoot_code
 .text.fpga_reset
                0x00014654       0x30 ./fpga/fpga.o
                0x00014654                fpga_reset
 .text.fpga_set_shoot_delay
                0x00014684       0x74 ./fpga/fpga.o
                0x00014684                fpga_set_shoot_delay
 .text.fpga_set_kick_delay
                0x000146f8      0x130 ./fpga/fpga.o
                0x000146f8                fpga_set_kick_delay
 .text.fpga_set_signal_polar
                0x00014828      0x104 ./fpga/fpga.o
                0x00014828                fpga_set_signal_polar
 .text.fpga_set_out_signal_width
                0x0001492c       0x40 ./fpga/fpga.o
                0x0001492c                fpga_set_out_signal_width
 .text.fpga_set_in_signal_width
                0x0001496c       0x6c ./fpga/fpga.o
                0x0001496c                fpga_set_in_signal_width
 .text.fpga_set_cam_trig
                0x000149d8       0x68 ./fpga/fpga.o
                0x000149d8                fpga_set_cam_trig
 .text.fpga_set_kick_mode
                0x00014a40       0x80 ./fpga/fpga.o
                0x00014a40                fpga_set_kick_mode
 .text.fpga_set_ol_shoot_mode
                0x00014ac0       0x5c ./fpga/fpga.o
                0x00014ac0                fpga_set_ol_shoot_mode
 .text.fpga_enable_second_tube
                0x00014b1c       0x9c ./fpga/fpga.o
                0x00014b1c                fpga_enable_second_tube
 .text.fpga_set_feedback_tube
                0x00014bb8       0x70 ./fpga/fpga.o
                0x00014bb8                fpga_set_feedback_tube
 .text.fpga_get_version
                0x00014c28       0x94 ./fpga/fpga.o
                0x00014c28                fpga_get_version
 .text.fpga_set_sim_trig
                0x00014cbc      0x104 ./fpga/fpga.o
                0x00014cbc                fpga_set_sim_trig
 .text.fpga_start
                0x00014dc0       0x58 ./fpga/fpga.o
                0x00014dc0                fpga_start
 .text.fpga_set_sample_length
                0x00014e18       0x40 ./fpga/fpga.o
                0x00014e18                fpga_set_sample_length
 .text.fpga_set_overclock_threshold
                0x00014e58       0x40 ./fpga/fpga.o
                0x00014e58                fpga_set_overclock_threshold
 .text.fpga_get_emulator_state
                0x00014e98       0x28 ./fpga/fpga.o
                0x00014e98                fpga_get_emulator_state
 .text.fpga_get_debug_info
                0x00014ec0      0x1c0 ./fpga/fpga.o
                0x00014ec0                fpga_get_debug_info
 .text.fpga_set_image_size
                0x00015080       0x74 ./fpga/fpga.o
                0x00015080                fpga_set_image_size
 .text.fpga_set_camera_state
                0x000150f4       0x70 ./fpga/fpga.o
                0x000150f4                fpga_set_camera_state
 .text.fpga_check_lvds1_rxfifo
                0x00015164       0x64 ./fpga/fpga.o
                0x00015164                fpga_check_lvds1_rxfifo
 .text.fpga_check_lvds2_rxfifo
                0x000151c8       0x68 ./fpga/fpga.o
                0x000151c8                fpga_check_lvds2_rxfifo
 .text.fpga_lvds1_send
                0x00015230       0x68 ./fpga/fpga.o
                0x00015230                fpga_lvds1_send
 .text.fpga_lvds2_send
                0x00015298       0x6c ./fpga/fpga.o
                0x00015298                fpga_lvds2_send
 .text.fpga_lvds1_recv
                0x00015304      0x10c ./fpga/fpga.o
                0x00015304                fpga_lvds1_recv
 .text.fpga_lvds2_recv
                0x00015410      0x114 ./fpga/fpga.o
                0x00015410                fpga_lvds2_recv
 .text.reverse8
                0x00015524       0x60 ./fpga/fpga.o
                0x00015524                reverse8
 .text.fpga_burn
                0x00015584       0xf4 ./fpga/fpga.o
                0x00015584                fpga_burn
 .text.sys_env_init
                0x00015678       0x5c ./app/main.o
                0x00015678                sys_env_init
 .text.sys_conf_init
                0x000156d4       0x14 ./app/main.o
                0x000156d4                sys_conf_init
 .text.sys_module_init
                0x000156e8       0x2c ./app/main.o
                0x000156e8                sys_module_init
 .text.main     0x00015714       0xa0 ./app/main.o
                0x00015714                main
 .text.sc_set_sys_sn
                0x000157b4       0x50 ./app/sys_conf.o
                0x000157b4                sc_set_sys_sn
 .text.sc_set_fpga_version
                0x00015804       0x38 ./app/sys_conf.o
                0x00015804                sc_set_fpga_version
 .text.sc_set_dsp1_version
                0x0001583c       0x38 ./app/sys_conf.o
                0x0001583c                sc_set_dsp1_version
 .text.sc_set_dsp2_version
                0x00015874       0x38 ./app/sys_conf.o
                0x00015874                sc_set_dsp2_version
 .text.sc_set_ui_version
                0x000158ac       0x38 ./app/sys_conf.o
                0x000158ac                sc_set_ui_version
 .text.sc_get_main_board_version
                0x000158e4       0x2c ./app/sys_conf.o
                0x000158e4                sc_get_main_board_version
 .text.sc_set_signal_polar
                0x00015910       0x44 ./app/sys_conf.o
                0x00015910                sc_set_signal_polar
 .text.sc_set_out_signal_width
                0x00015954      0x19c ./app/sys_conf.o
                0x00015954                sc_set_out_signal_width
 .text.sc_set_in_signal_width
                0x00015af0      0x1b4 ./app/sys_conf.o
                0x00015af0                sc_set_in_signal_width
 .text.sc_get_signal_config
                0x00015ca4       0x28 ./app/sys_conf.o
                0x00015ca4                sc_get_signal_config
 .text.sc_set_shoot_delay
                0x00015ccc       0x70 ./app/sys_conf.o
                0x00015ccc                sc_set_shoot_delay
 .text.sc_set_kick_delay
                0x00015d3c      0x118 ./app/sys_conf.o
                0x00015d3c                sc_set_kick_delay
 .text.sc_get_sys_delay_config
                0x00015e54       0x28 ./app/sys_conf.o
                0x00015e54                sc_get_sys_delay_config
 .text.sc_set_video_config
                0x00015e7c       0x98 ./app/sys_conf.o
                0x00015e7c                sc_set_video_config
 .text.sc_get_video_config
                0x00015f14       0x24 ./app/sys_conf.o
                0x00015f14                sc_get_video_config
 .text.sc_set_video_requirement
                0x00015f38      0x16c ./app/sys_conf.o
                0x00015f38                sc_set_video_requirement
 .text.sc_get_video_requirement
                0x000160a4       0x30 ./app/sys_conf.o
                0x000160a4                sc_get_video_requirement
 .text.sc_set_fpga_func_config
                0x000160d4      0x138 ./app/sys_conf.o
                0x000160d4                sc_set_fpga_func_config
 .text.sc_get_fpga_func_config
                0x0001620c       0x28 ./app/sys_conf.o
                0x0001620c                sc_get_fpga_func_config
 .text.sc_set_oc_th
                0x00016234       0x44 ./app/sys_conf.o
                0x00016234                sc_set_oc_th
 .text.sc_get_oc_th
                0x00016278       0x24 ./app/sys_conf.o
                0x00016278                sc_get_oc_th
 .text.sc_set_sample_len
                0x0001629c       0x40 ./app/sys_conf.o
                0x0001629c                sc_set_sample_len
 .text.sc_get_sample_len
                0x000162dc       0x24 ./app/sys_conf.o
                0x000162dc                sc_get_sample_len
 .text.sc_init_algo
                0x00016300       0xc4 ./app/sys_conf.o
                0x00016300                sc_init_algo
 .text.sc_set_algo_params
                0x000163c4       0x4c ./app/sys_conf.o
                0x000163c4                sc_set_algo_params
 .text.sc_get_algo_params
                0x00016410       0x2c ./app/sys_conf.o
                0x00016410                sc_get_algo_params
 .text.sc_set_sample_judge_mode
                0x0001643c       0x3c ./app/sys_conf.o
                0x0001643c                sc_set_sample_judge_mode
 .text.sc_get_sample_judge_mode
                0x00016478       0x28 ./app/sys_conf.o
                0x00016478                sc_get_sample_judge_mode
 .text.sc_set_sys_screen_angle
                0x000164a0       0x38 ./app/sys_conf.o
                0x000164a0                sc_set_sys_screen_angle
 .text.sc_set_img_send_mode
                0x000164d8       0x3c ./app/sys_conf.o
                0x000164d8                sc_set_img_send_mode
 .text.sc_get_img_send_mode
                0x00016514       0x28 ./app/sys_conf.o
                0x00016514                sc_get_img_send_mode
 .text.sc_get_sys_state_info_config
                0x0001653c       0x24 ./app/sys_conf.o
                0x0001653c                sc_get_sys_state_info_config
 .text.sc_feedbackinfo_init
                0x00016560       0x5c ./app/sys_conf.o
                0x00016560                sc_feedbackinfo_init
 .text.sc_get_feedbackinfo
                0x000165bc       0x84 ./app/sys_conf.o
                0x000165bc                sc_get_feedbackinfo
 .text.sc_get_cam1_protocol
                0x00016640       0x64 ./app/sys_conf.o
                0x00016640                sc_get_cam1_protocol
 .text.sc_get_cam2_protocol
                0x000166a4       0x64 ./app/sys_conf.o
                0x000166a4                sc_get_cam2_protocol
 .text.sc_conf_load
                0x00016708       0x60 ./app/sys_conf.o
                0x00016708                sc_conf_load
 .text.sc_conf_save
                0x00016768       0x18 ./app/sys_conf.o
                0x00016768                sc_conf_save
 .text.sc_system_init
                0x00016780      0x664 ./app/sys_conf.o
                0x00016780                sc_system_init
 .text.check_emulator_state
                0x00016de4       0x18 ./app/sys_conf.o
                0x00016de4                check_emulator_state
 .text.check_sys_reset_flag
                0x00016dfc       0x18 ./app/sys_conf.o
                0x00016dfc                check_sys_reset_flag
 .text.sc_system_reset
                0x00016e14       0x60 ./app/sys_conf.o
                0x00016e14                sc_system_reset
 .text.sc_handshake_init
                0x00016e74      0x114 ./app/sys_conf.o
                0x00016e74                sc_handshake_init
 .text          0x00016f88       0x48 /home/work/rootfs/usr/lib/./libc_nonshared.a(elf-init.oS)
                0x00016f88                __libc_csu_init
                0x00016fcc                __libc_csu_fini
 .text          0x00016fd0        0xc /home/work/rootfs/usr/lib/./libc_nonshared.a(stat.oS)
                0x00016fd0                __stat
                0x00016fd0                stat
 *(.gnu.warning)
 *(.glue_7t)
 .glue_7t       0x00000000        0x0 linker stubs
 *(.glue_7)
 .glue_7        0x00000000        0x0 linker stubs
 *(.vfp11_veneer)
 .vfp11_veneer  0x00000000        0x0 linker stubs
 *(.v4_bx)
 .v4_bx         0x00000000        0x0 linker stubs

.fini           0x00016fdc        0x6
 *(SORT(.fini))
 .fini          0x00016fdc        0x4 /home/work/gcc-linaro-arm-linux-gnueabihf-4.7-2013.03-20130313_linux/bin/../arm-linux-gnueabihf/libc/usr/lib/arm-linux-gnueabihf/crti.o
                0x00016fdc                _fini
 .fini          0x00016fe0        0x2 /home/work/gcc-linaro-arm-linux-gnueabihf-4.7-2013.03-20130313_linux/bin/../arm-linux-gnueabihf/libc/usr/lib/arm-linux-gnueabihf/crtn.o
                0x00016fe2                PROVIDE (__etext, .)
                0x00016fe2                PROVIDE (_etext, .)
                0x00016fe2                PROVIDE (etext, .)

.rodata         0x00016fe4     0x17e8
 *(.rodata .rodata.* .gnu.linkonce.r.*)
 .rodata        0x00016fe4       0x48 ./tool/buf_factory.o
 .rodata.crc16_table
                0x0001702c      0x200 ./tool/crc16.o
                0x0001702c                crc16_table
 .rodata        0x0001722c       0x5c ./tool/mailbox.o
 .rodata        0x00017288       0x54 ./tool/msg_factory.o
 .rodata        0x000172dc       0x4c ./tool/shared_mem_manager.o
 .rodata        0x00017328       0xec ./tool/thread.o
 .rodata        0x00017414      0x140 ./tool/v4l2.o
 .rodata        0x00017554       0xb8 ./reject/local_socket.o
 .rodata        0x0001760c       0x58 ./net/net.o
 .rodata        0x00017664      0x1bc ./net/net_protocol.o
 .rodata.__FUNCTION__.9753
                0x00017820       0x18 ./net/net_protocol.o
 .rodata.__FUNCTION__.9748
                0x00017838       0x18 ./net/net_protocol.o
 .rodata.__FUNCTION__.9743
                0x00017850       0x18 ./net/net_protocol.o
 .rodata.__FUNCTION__.9738
                0x00017868       0x18 ./net/net_protocol.o
 .rodata.__FUNCTION__.9733
                0x00017880       0x18 ./net/net_protocol.o
 .rodata.__FUNCTION__.9728
                0x00017898       0x18 ./net/net_protocol.o
 .rodata.__FUNCTION__.9723
                0x000178b0       0x18 ./net/net_protocol.o
 .rodata.__FUNCTION__.9718
                0x000178c8       0x18 ./net/net_protocol.o
 .rodata.__FUNCTION__.9713
                0x000178e0       0x18 ./net/net_protocol.o
 .rodata.__FUNCTION__.9708
                0x000178f8       0x18 ./net/net_protocol.o
 .rodata.__FUNCTION__.9703
                0x00017910       0x18 ./net/net_protocol.o
 .rodata.__FUNCTION__.9698
                0x00017928       0x18 ./net/net_protocol.o
 .rodata.__FUNCTION__.9693
                0x00017940       0x18 ./net/net_protocol.o
 .rodata.__FUNCTION__.9688
                0x00017958       0x18 ./net/net_protocol.o
 .rodata.__FUNCTION__.9677
                0x00017970       0x18 ./net/net_protocol.o
 .rodata.__FUNCTION__.9672
                0x00017988       0x18 ./net/net_protocol.o
 .rodata.__FUNCTION__.9667
                0x000179a0       0x18 ./net/net_protocol.o
 .rodata.__FUNCTION__.9661
                0x000179b8       0x18 ./net/net_protocol.o
 .rodata.__FUNCTION__.9656
                0x000179d0       0x18 ./net/net_protocol.o
 .rodata.__FUNCTION__.9639
                0x000179e8       0x18 ./net/net_protocol.o
 .rodata.__FUNCTION__.9634
                0x00017a00       0x18 ./net/net_protocol.o
 .rodata.__FUNCTION__.9629
                0x00017a18       0x18 ./net/net_protocol.o
 .rodata.__FUNCTION__.9624
                0x00017a30       0x18 ./net/net_protocol.o
 .rodata.__FUNCTION__.9619
                0x00017a48       0x18 ./net/net_protocol.o
 .rodata.__FUNCTION__.9614
                0x00017a60       0x18 ./net/net_protocol.o
 .rodata.__FUNCTION__.9597
                0x00017a78       0x18 ./net/net_protocol.o
 .rodata.__FUNCTION__.9578
                0x00017a90       0x18 ./net/net_protocol.o
 .rodata.__FUNCTION__.9573
                0x00017aa8       0x18 ./net/net_protocol.o
 .rodata.__FUNCTION__.9568
                0x00017ac0       0x18 ./net/net_protocol.o
 .rodata.__FUNCTION__.9563
                0x00017ad8       0x18 ./net/net_protocol.o
 .rodata.__FUNCTION__.9558
                0x00017af0       0x18 ./net/net_protocol.o
 .rodata.__FUNCTION__.9552
                0x00017b08       0x18 ./net/net_protocol.o
 .rodata.__FUNCTION__.9547
                0x00017b20       0x18 ./net/net_protocol.o
 .rodata.__FUNCTION__.9542
                0x00017b38       0x18 ./net/net_protocol.o
 .rodata.__FUNCTION__.9537
                0x00017b50       0x18 ./net/net_protocol.o
 .rodata.__FUNCTION__.9532
                0x00017b68       0x18 ./net/net_protocol.o
 .rodata.__FUNCTION__.9527
                0x00017b80       0x18 ./net/net_protocol.o
 .rodata.__FUNCTION__.9522
                0x00017b98       0x18 ./net/net_protocol.o
 .rodata.__FUNCTION__.9517
                0x00017bb0       0x18 ./net/net_protocol.o
 .rodata.__FUNCTION__.9512
                0x00017bc8       0x18 ./net/net_protocol.o
 .rodata.__FUNCTION__.9507
                0x00017be0       0x18 ./net/net_protocol.o
 .rodata.__FUNCTION__.9355
                0x00017bf8       0x14 ./net/net_protocol.o
 .rodata.__FUNCTION__.9329
                0x00017c0c       0x14 ./net/net_protocol.o
 .rodata        0x00017c20       0xc0 ./net/tcp.o
 .rodata        0x00017ce0       0xd8 ./net/udp.o
 .rodata        0x00017db8       0x10 ./lvds/lvds_context.o
 .rodata        0x00017dc8       0x54 ./interface/led.o
 .rodata        0x00017e1c       0x7c ./interface/sys_log.o
 .rodata        0x00017e98       0x80 ./interface/ui_protocol.o
 .rodata.__FUNCTION__.14553
                0x00017f18       0x18 ./interface/ui_protocol.o
 .rodata.__FUNCTION__.14548
                0x00017f30       0x18 ./interface/ui_protocol.o
 .rodata.__FUNCTION__.14542
                0x00017f48       0x18 ./interface/ui_protocol.o
 .rodata.__FUNCTION__.14537
                0x00017f60       0x18 ./interface/ui_protocol.o
 .rodata.__FUNCTION__.14532
                0x00017f78       0x18 ./interface/ui_protocol.o
 .rodata.__FUNCTION__.14527
                0x00017f90       0x18 ./interface/ui_protocol.o
 .rodata.__FUNCTION__.14480
                0x00017fa8       0x14 ./interface/ui_protocol.o
 .rodata        0x00017fbc       0x28 ./interface/ui_socket.o
 .rodata        0x00017fe4       0x20 ./interface/upstate.o
 .rodata        0x00018004      0x158 ./image/dsp.o
 .rodata        0x0001815c       0x30 ./image/sample_factory.o
 .rodata        0x0001818c       0x4c ./image/shared_vid_buf.o
 .rodata.__FUNCTION__.5276
                0x000181d8       0x18 ./image/shared_vid_buf.o
 .rodata.__FUNCTION__.5262
                0x000181f0       0x18 ./image/shared_vid_buf.o
 .rodata        0x00018208       0x70 ./image/video.o
 .rodata        0x00018278      0x140 ./image/video_context.o
 .rodata        0x000183b8       0xa8 ./fpga/fpga.o
 .rodata        0x00018460       0x58 ./app/main.o
 .rodata        0x000184b8      0x314 ./app/sys_conf.o

.rodata1
 *(.rodata1)

.ARM.extab
 *(.ARM.extab* .gnu.linkonce.armextab.*)
                0x000187cc                PROVIDE (__exidx_start, .)

.ARM.exidx      0x000187cc        0x8
 *(.ARM.exidx* .gnu.linkonce.armexidx.*)
 .ARM.exidx     0x000187cc        0x8 /home/work/gcc-linaro-arm-linux-gnueabihf-4.7-2013.03-20130313_linux/bin/../arm-linux-gnueabihf/libc/usr/lib/arm-linux-gnueabihf/crt1.o
                0x000187d4                PROVIDE (__exidx_end, .)

.eh_frame_hdr   0x000187d4        0x0
 *(.eh_frame_hdr)
 .eh_frame_hdr  0x00000000        0x0 /home/work/gcc-linaro-arm-linux-gnueabihf-4.7-2013.03-20130313_linux/bin/../arm-linux-gnueabihf/libc/usr/lib/arm-linux-gnueabihf/crtn.o

.eh_frame       0x000187d4        0x4
 *(.eh_frame)
 .eh_frame      0x000187d4        0x4 /home/work/gcc-linaro-arm-linux-gnueabihf-4.7-2013.03-20130313_linux/bin/../lib/gcc/arm-linux-gnueabihf/4.7.3/crtend.o

.gcc_except_table
 *(.gcc_except_table .gcc_except_table.*)

.exception_ranges
 *(.exception_ranges .exception_ranges*)
                0x000187d8                . = (ALIGN (0x8000) - ((0x8000 - .) & 0x7fff))
                0x000207d8                . = DATA_SEGMENT_ALIGN (0x8000, 0x1000)

.eh_frame
 *(.eh_frame)

.gcc_except_table
 *(.gcc_except_table .gcc_except_table.*)

.exception_ranges
 *(.exception_ranges .exception_ranges*)

.tdata
 *(.tdata .tdata.* .gnu.linkonce.td.*)

.tbss
 *(.tbss .tbss.* .gnu.linkonce.tb.*)
 *(.tcommon)

.preinit_array  0x000207d8        0x0
                0x000207d8                PROVIDE (__preinit_array_start, .)
 *(.preinit_array)
                0x000207d8                PROVIDE (__preinit_array_end, .)

.init_array     0x000207d8        0x4
                0x000207d8                PROVIDE (__init_array_start, .)
 *(SORT(.init_array.*))
 *(.init_array)
 .init_array    0x000207d8        0x4 /home/work/gcc-linaro-arm-linux-gnueabihf-4.7-2013.03-20130313_linux/bin/../lib/gcc/arm-linux-gnueabihf/4.7.3/crtbegin.o
                0x000207dc                PROVIDE (__init_array_end, .)

.fini_array     0x000207dc        0x4
                0x000207dc                PROVIDE (__fini_array_start, .)
 *(SORT(.fini_array.*))
 *(.fini_array)
 .fini_array    0x000207dc        0x4 /home/work/gcc-linaro-arm-linux-gnueabihf-4.7-2013.03-20130313_linux/bin/../lib/gcc/arm-linux-gnueabihf/4.7.3/crtbegin.o
                0x000207e0                PROVIDE (__fini_array_end, .)

.ctors
 *crtbegin.o(.ctors)
 *crtbegin?.o(.ctors)
 *(EXCLUDE_FILE(*crtend?.o *crtend.o) .ctors)
 *(SORT(.ctors.*))
 *(.ctors)

.dtors
 *crtbegin.o(.dtors)
 *crtbegin?.o(.dtors)
 *(EXCLUDE_FILE(*crtend?.o *crtend.o) .dtors)
 *(SORT(.dtors.*))
 *(.dtors)

.jcr            0x000207e0        0x4
 *(.jcr)
 .jcr           0x000207e0        0x0 /home/work/gcc-linaro-arm-linux-gnueabihf-4.7-2013.03-20130313_linux/bin/../lib/gcc/arm-linux-gnueabihf/4.7.3/crtbegin.o
 .jcr           0x000207e0        0x4 /home/work/gcc-linaro-arm-linux-gnueabihf-4.7-2013.03-20130313_linux/bin/../lib/gcc/arm-linux-gnueabihf/4.7.3/crtend.o

.data.rel.ro
 *(.data.rel.ro.local* .gnu.linkonce.d.rel.ro.local.*)
 *(.data.rel.ro .data.rel.ro.* .gnu.linkonce.d.rel.ro.*)

.dynamic        0x000207e4      0x130
 *(.dynamic)
 .dynamic       0x000207e4      0x130 /home/work/gcc-linaro-arm-linux-gnueabihf-4.7-2013.03-20130313_linux/bin/../arm-linux-gnueabihf/libc/usr/lib/arm-linux-gnueabihf/crt1.o
                0x000207e4                _DYNAMIC
                0x00020914                . = DATA_SEGMENT_RELRO_END (., 0x0)

.got            0x00020914      0x224
 *(.got.plt)
 .got.plt       0x00020914      0x220 /home/work/gcc-linaro-arm-linux-gnueabihf-4.7-2013.03-20130313_linux/bin/../arm-linux-gnueabihf/libc/usr/lib/arm-linux-gnueabihf/crt1.o
                0x00020914                _GLOBAL_OFFSET_TABLE_
 *(.igot.plt)
 .igot.plt      0x00000000        0x0 /home/work/gcc-linaro-arm-linux-gnueabihf-4.7-2013.03-20130313_linux/bin/../arm-linux-gnueabihf/libc/usr/lib/arm-linux-gnueabihf/crt1.o
 *(.got)
 .got           0x00020b34        0x4 /home/work/gcc-linaro-arm-linux-gnueabihf-4.7-2013.03-20130313_linux/bin/../arm-linux-gnueabihf/libc/usr/lib/arm-linux-gnueabihf/crt1.o
 *(.igot)

.data           0x00020b38      0xbd4
                0x00020b38                PROVIDE (__data_start, .)
 *(.data .data.* .gnu.linkonce.d.*)
 .data.g_msg_ops
                0x00020b38       0x14 ./tool/msg_factory.o
                0x00020b38                g_msg_ops
 .data.handshake_head
                0x00020b4c        0x8 ./reject/local_protocol.o
 .data.sample_result_head
                0x00020b54        0x8 ./reject/local_protocol.o
 .data.reset_cmd_head
                0x00020b5c        0x8 ./reject/local_protocol.o
 .data.test_pos_head
                0x00020b64        0x8 ./reject/local_protocol.o
 .data.g_img_ability
                0x00020b6c        0x4 ./net/net.o
                0x00020b6c                g_img_ability
 .data.g_sample_ability
                0x00020b70        0x4 ./net/net.o
                0x00020b70                g_sample_ability
 .data.mainboard_set_func
                0x00020b74       0x70 ./net/net_protocol.o
                0x00020b74                mainboard_set_func
 .data.mainboard_get_func
                0x00020be4       0x3c ./net/net_protocol.o
                0x00020be4                mainboard_get_func
 .data.progress.9596
                0x00020c20       0x18 ./net/net_protocol.o
 .data.img_info_head.9478
                0x00020c38        0x8 ./net/net_protocol.o
 .data.length_info_head.9364
                0x00020c40        0x8 ./net/net_protocol.o
 .data.img_info_head.9348
                0x00020c48        0x8 ./net/net_protocol.o
 .data.sample_info_head.9328
                0x00020c50        0x8 ./net/net_protocol.o
 .data.set_protocol_map
                0x00020c58       0x34 ./lvds/lvds_context.o
 .data.get_protocol_map
                0x00020c8c       0x1c ./lvds/lvds_context.o
 .data.back_protocol_map
                0x00020ca8       0x28 ./lvds/lvds_context.o
 .data.g_ui_img_ability
                0x00020cd0        0x4 ./interface/ui_protocol.o
                0x00020cd0                g_ui_img_ability
 .data.uifeedbackinfo
                0x00020cd4       0x14 ./interface/ui_protocol.o
                0x00020cd4                uifeedbackinfo
 .data.KEY      0x00020ce8        0x8 ./interface/ui_protocol.o
 .data.UIInfoImageRequire
                0x00020cf0       0x24 ./interface/ui_protocol.o
                0x00020cf0                UIInfoImageRequire
 .data.ui_cmd_func
                0x00020d14       0x1c ./interface/ui_protocol.o
                0x00020d14                ui_cmd_func
 .data.infohead_0x45530A06.14505
                0x00020d30        0x8 ./interface/ui_protocol.o
 .data.infohead_0x45530A04.14488
                0x00020d38        0x8 ./interface/ui_protocol.o
 .data.infohead_0x45530A03.14476
                0x00020d40        0x8 ./interface/ui_protocol.o
 .data.infohead_0x45530A01.14451
                0x00020d48        0x8 ./interface/ui_protocol.o
 .data.g_ui_socket_fd
                0x00020d50        0x4 ./interface/ui_socket.o
 .data.g_ui_mbx_id
                0x00020d54        0x4 ./interface/ui_socket.o
                0x00020d54                g_ui_mbx_id
 .data.adc_to_temp
                0x00020d58      0x658 ./interface/upstate.o
                0x00020d58                adc_to_temp
 .data.g_vid1_buf_scaler
                0x000213b0        0x4 ./image/shared_vid_buf.o
 .data.g_vid2_buf_scaler
                0x000213b4        0x4 ./image/shared_vid_buf.o
 .data.g_main_board_version
                0x000213b8      0x18c ./app/sys_conf.o
                0x000213b8                g_main_board_version
 .data.g_sys_signal_config
                0x00021544       0x4c ./app/sys_conf.o
                0x00021544                g_sys_signal_config
 .data.g_sys_delay_config
                0x00021590       0x28 ./app/sys_conf.o
                0x00021590                g_sys_delay_config
 .data.g_video_config
                0x000215b8       0x50 ./app/sys_conf.o
                0x000215b8                g_video_config
 .data.g_video_requirement
                0x00021608       0x30 ./app/sys_conf.o
                0x00021608                g_video_requirement
 .data.g_fpga_func_config
                0x00021638       0x20 ./app/sys_conf.o
                0x00021638                g_fpga_func_config
 .data.g_fpga_overclock_threshold
                0x00021658        0xc ./app/sys_conf.o
                0x00021658                g_fpga_overclock_threshold
 .data.g_fpga_sample_length
                0x00021664        0xc ./app/sys_conf.o
                0x00021664                g_fpga_sample_length
 .data.g_sample_judge_mode
                0x00021670       0x14 ./app/sys_conf.o
                0x00021670                g_sample_judge_mode
 .data.g_image_send_mode
                0x00021684       0x10 ./app/sys_conf.o
                0x00021684                g_image_send_mode
 .data.g_sys_sysstateinfo_config
                0x00021694       0x78 ./app/sys_conf.o
                0x00021694                g_sys_sysstateinfo_config

.tm_clone_table
                0x0002170c        0x0
 .tm_clone_table
                0x0002170c        0x0 /home/work/gcc-linaro-arm-linux-gnueabihf-4.7-2013.03-20130313_linux/bin/../lib/gcc/arm-linux-gnueabihf/4.7.3/crtbegin.o
 .tm_clone_table
                0x0002170c        0x0 /home/work/gcc-linaro-arm-linux-gnueabihf-4.7-2013.03-20130313_linux/bin/../lib/gcc/arm-linux-gnueabihf/4.7.3/crtend.o

.data1
 *(.data1)
                0x0002170c                _edata = .
                0x0002170c                PROVIDE (edata, .)
                0x0002170c                . = .
                0x0002170c                __bss_start = .
                0x0002170c                __bss_start__ = .

.bss            0x00021710   0x537728
 *(.dynbss)
 .dynbss        0x00021710        0x4 /home/work/gcc-linaro-arm-linux-gnueabihf-4.7-2013.03-20130313_linux/bin/../arm-linux-gnueabihf/libc/usr/lib/arm-linux-gnueabihf/crt1.o
                0x00021710                stderr@@GLIBC_2.4
 *(.bss .bss.* .gnu.linkonce.b.*)
 .bss           0x00021714        0x1 /home/work/gcc-linaro-arm-linux-gnueabihf-4.7-2013.03-20130313_linux/bin/../lib/gcc/arm-linux-gnueabihf/4.7.3/crtbegin.o
 *fill*         0x00021715        0x3 
 .bss.g_buf_factory
                0x00021718        0x4 ./tool/buf_factory.o
 .bss.keyfile   0x0002171c        0x4 ./tool/key_file.o
 .bss.g_msg_factory
                0x00021720        0x4 ./tool/msg_factory.o
 .bss.omap_dev  0x00021724        0x4 ./tool/shared_mem_manager.o
                0x00021724                omap_dev
 .bss.once.7765
                0x00021728        0x4 ./tool/shared_mem_manager.o
 .bss.sample_result_index
                0x0002172c        0x4 ./reject/local_protocol.o
                0x0002172c                sample_result_index
 .bss.dis_info  0x00021730        0x8 ./reject/local_protocol.o
 .bss.s_item.5614
                0x00021738        0x4 ./reject/local_protocol.o
 .bss.g_local_mbx_id
                0x0002173c        0x4 ./reject/local_socket.o
                0x0002173c                g_local_mbx_id
 .bss.connect_status
                0x00021740        0x4 ./reject/local_socket.o
                0x00021740                connect_status
 .bss.g_conn_state
                0x00021744        0x4 ./net/net.o
                0x00021744                g_conn_state
 .bss.g_net_mbx_id
                0x00021748        0x4 ./net/net.o
                0x00021748                g_net_mbx_id
 .bss.recv_buf  0x0002174c   0x510014 ./net/net.o
 .bss.sample_info_array_index
                0x00531760        0x4 ./net/net_protocol.o
 .bss.sample_send_process
                0x00531764        0x4 ./net/net_protocol.o
 .bss.img_num.9643
                0x00531768        0x4 ./net/net_protocol.o
 .bss.type.9583
                0x0053176c        0x4 ./net/net_protocol.o
 .bss.unit_len.9586
                0x00531770        0x4 ./net/net_protocol.o
 .bss.file_opened.9589
                0x00531774        0x4 ./net/net_protocol.o
 .bss.fstream.9591
                0x00531778        0x4 ./net/net_protocol.o
 .bss.file_id.9584
                0x0053177c        0x4 ./net/net_protocol.o
 .bss.once.5816
                0x00531780        0x4 ./net/udp.o
 .bss.g_lvds1_mbx_id
                0x00531784        0x4 ./lvds/lvds_context.o
 .bss.g_lvds2_mbx_id
                0x00531788        0x4 ./lvds/lvds_context.o
 .bss.g_log_mbx_id
                0x0053178c        0x4 ./interface/sys_log.o
 .bss.ver.14547
                0x00531790       0x20 ./interface/ui_protocol.o
 .bss.g_ui_socket_state
                0x005317b0        0x4 ./interface/ui_socket.o
                0x005317b0                g_ui_socket_state
 .bss.gsem_ui_conn_state
                0x005317b4       0x10 ./interface/ui_socket.o
 .bss.recv_buf  0x005317c4    0x10000 ./interface/ui_socket.o
 .bss.g_mutex_kf_lost_mun
                0x005417c4       0x18 ./interface/upstate.o
 .bss.Kf1_lost_num
                0x005417dc        0x2 ./interface/upstate.o
 .bss.Kf2_lost_num
                0x005417de        0x2 ./interface/upstate.o
 .bss.busy_list
                0x005417e0        0xc ./image/dsp.o
 .bss.idle_list
                0x005417ec        0xc ./image/dsp.o
 .bss.mutex_dsp_list
                0x005417f8       0x18 ./image/dsp.o
 .bss.cond      0x00541810       0x30 ./image/dsp.o
                0x00541810                cond
 .bss.g_dsp1_reset_count
                0x00541840        0x4 ./image/dsp.o
                0x00541840                g_dsp1_reset_count
 .bss.g_dsp2_reset_count
                0x00541844        0x4 ./image/dsp.o
                0x00541844                g_dsp2_reset_count
 .bss.g_dsp1_timeout_count
                0x00541848        0x4 ./image/dsp.o
                0x00541848                g_dsp1_timeout_count
 .bss.g_dsp2_timeout_count
                0x0054184c        0x4 ./image/dsp.o
                0x0054184c                g_dsp2_timeout_count
 .bss.g_dsp1    0x00541850        0x4 ./image/dsp.o
 .bss.g_dsp2    0x00541854        0x4 ./image/dsp.o
 .bss.count_array
                0x00541858      0x140 ./image/sample_count.o
 .bss.sample_count_index
                0x00541998        0x4 ./image/sample_count.o
 .bss.g_mutex_array
                0x0054199c       0x18 ./image/sample_count.o
 .bss.g_list    0x005419b4        0xc ./image/sample_factory.o
 .bss.g_mutex_list
                0x005419c0       0x18 ./image/sample_factory.o
 .bss.g_vid1_buf_width
                0x005419d8        0x4 ./image/shared_vid_buf.o
 .bss.g_vid1_buf_height
                0x005419dc        0x4 ./image/shared_vid_buf.o
 .bss.g_vid2_buf_width
                0x005419e0        0x4 ./image/shared_vid_buf.o
 .bss.g_vid2_buf_height
                0x005419e4        0x4 ./image/shared_vid_buf.o
 .bss.g_vid1_buf_size
                0x005419e8        0x4 ./image/shared_vid_buf.o
 .bss.g_vid2_buf_size
                0x005419ec        0x4 ./image/shared_vid_buf.o
 .bss.g_process_overclock_amount
                0x005419f0        0x4 ./image/video_context.o
                0x005419f0                g_process_overclock_amount
 .bss.g_video1  0x005419f4        0x4 ./image/video_context.o
 .bss.g_video2  0x005419f8        0x4 ./image/video_context.o
 .bss.video_num_enabled
                0x005419fc        0x4 ./image/video_context.o
                0x005419fc                video_num_enabled
 .bss.vid1_valid
                0x00541a00        0x4 ./image/video_context.o
 .bss.vid2_valid
                0x00541a04        0x4 ./image/video_context.o
 .bss.g_mbx_dsp
                0x00541a08        0x4 ./image/video_context.o
 .bss.g_mbx_show
                0x00541a0c        0x4 ./image/video_context.o
 .bss.g_mbx_send
                0x00541a10        0x4 ./image/video_context.o
                0x00541a10                g_mbx_send
 .bss.g_img_not_process
                0x00541a14        0x4 ./image/video_context.o
 .bss.g_shared_img1_buf
                0x00541a18        0x4 ./image/video_context.o
 .bss.g_shared_img2_buf
                0x00541a1c        0x4 ./image/video_context.o
 .bss.g_mutex   0x00541a20       0x18 ./image/video_context.o
 .bss.sample_count_shoot
                0x00541a38        0x4 ./image/video_context.o
                0x00541a38                sample_count_shoot
 .bss.overclock_img_array_index
                0x00541a3c        0x4 ./image/video_context.o
                0x00541a3c                overclock_img_array_index
 .bss.g_sys_delay_p
                0x00541a40        0x4 ./image/video_context.o
 .bss.fpga_base
                0x00541a44        0x4 ./fpga/fpga.o
                0x00541a44                fpga_base
 .bss.sample_count_sum
                0x00541a48        0x4 ./fpga/fpga.o
                0x00541a48                sample_count_sum
 .bss.dis_info  0x00541a4c        0x8 ./fpga/fpga.o
 .bss.g_sys_delay_p
                0x00541a54        0x4 ./fpga/fpga.o
 .bss.isr_num   0x00541a58        0x4 ./fpga/fpga.o
 .bss.p_epcs_fd.15889
                0x00541a5c        0x4 ./fpga/fpga.o
 .bss.fpga_debug_info.15759
                0x00541a60       0x28 ./fpga/fpga.o
 .bss.sample_len.15619
                0x00541a88        0x4 ./fpga/fpga.o
 .bss.g_sys_screen_angle
                0x00541a8c        0x4 ./app/sys_conf.o
                0x00541a8c                g_sys_screen_angle
 .bss.feedbackindex
                0x00541a90        0x4 ./app/sys_conf.o
 .bss.cam1protocolindex
                0x00541a94        0x4 ./app/sys_conf.o
 .bss.cam2protocolindex
                0x00541a98        0x4 ./app/sys_conf.o
 .bss.g_emulator_state
                0x00541a9c        0x4 ./app/sys_conf.o
 .bss.g_sys_reset_flag
                0x00541aa0        0x4 ./app/sys_conf.o
 .bss.vid1_valid.13554
                0x00541aa4        0x4 ./app/sys_conf.o
 .bss.vid2_valid.13555
                0x00541aa8        0x4 ./app/sys_conf.o
 *(COMMON)
 COMMON         0x00541aac     0x172c ./reject/local_protocol.o
                0x00541aac                sample_result
                0x005421ac                SysDateTime
                0x005421b8                FeedBackInfo
                0x005421cc                CAM_PROTOCOL_FROM
 COMMON         0x005431d8      0x12c ./reject/local_socket.o
                0x005431d8                CltCmd_str
                0x005431e4                gsem_reject_reset
                0x005431f4                connect_fd
                0x005431f8                srv_addr
                0x00543268                clt_addr
                0x005432d8                listen_fd
                0x005432dc                g_sem_connect
                0x005432ec                g_mutex_array
 *fill*         0x00543304        0x4 
 COMMON         0x00543308      0x1c0 ./net/net.o
                0x00543308                SampleImageGroup
                0x005433d0                g_mutex_sample_ability
                0x005433e8                g_mutex_conn_state
                0x00543400                g_sem_conn_state
                0x00543410                SampleInfo
                0x005434b0                g_mutex_img_ability
 COMMON         0x005434c8     0x1400 ./net/net_protocol.o
                0x005434c8                sample_info_array
 COMMON         0x005448c8        0x4 ./net/tcp.o
                0x005448c8                g_tcp_client_fd
 COMMON         0x005448cc        0x4 ./net/udp.o
                0x005448cc                g_udp_fd
 COMMON         0x005448d0       0x14 ./interface/upstate.o
                0x005448d0                temp_info
 COMMON         0x005448e4       0x10 ./image/dsp_context.o
                0x005448e4                g_sem_algo_params_update
 COMMON         0x005448f4      0x380 ./image/video_context.o
                0x005448f4                g_net_send_img_buf
                0x00544a6c                g_net_recv_img_buf
                0x00544be4                g_overclock_img_buf
                0x00544c64                gsem_algo_sim
 COMMON         0x00544c74    0x141c4 ./app/sys_conf.o
                0x00544c74                cam2_protocol
                0x0054ecec                cam1_protocol
                0x00558d64                feedbackinfo
                0x00558e2c                g_algo_params_config
                0x00558e38                . = ALIGN ((. != 0x0)?0x4:0x1)
                0x00558e38                _bss_end__ = .
                0x00558e38                __bss_end__ = .
                0x00558e38                . = ALIGN (0x4)
                0x00558e38                . = ALIGN (0x4)
                0x00558e38                __end__ = .
                0x00558e38                _end = .
                0x00558e38                PROVIDE (end, .)
                0x00558e38                . = DATA_SEGMENT_END (.)

.stab
 *(.stab)

.stabstr
 *(.stabstr)

.stab.excl
 *(.stab.excl)

.stab.exclstr
 *(.stab.exclstr)

.stab.index
 *(.stab.index)

.stab.indexstr
 *(.stab.indexstr)

.comment        0x00000000       0x68
 *(.comment)
 .comment       0x00000000       0x68 ./tool/buf_factory.o
                                 0x69 (size before relaxing)
 .comment       0x00000000       0x69 ./tool/crc16.o
 .comment       0x00000000       0x69 ./tool/epcs.o
 .comment       0x00000000       0x69 ./tool/key_file.o
 .comment       0x00000000       0x69 ./tool/list.o
 .comment       0x00000000       0x69 ./tool/mailbox.o
 .comment       0x00000000       0x69 ./tool/message.o
 .comment       0x00000000       0x69 ./tool/msg_factory.o
 .comment       0x00000000       0x69 ./tool/shared_mem_manager.o
 .comment       0x00000000       0x69 ./tool/thread.o
 .comment       0x00000000       0x69 ./tool/v4l2.o
 .comment       0x00000000       0x69 ./reject/local_protocol.o
 .comment       0x00000000       0x69 ./reject/local_socket.o
 .comment       0x00000000       0x69 ./net/net.o
 .comment       0x00000000       0x69 ./net/net_protocol.o
 .comment       0x00000000       0x69 ./net/tcp.o
 .comment       0x00000000       0x69 ./net/udp.o
 .comment       0x00000000       0x69 ./lvds/lvds_context.o
 .comment       0x00000000       0x69 ./interface/led.o
 .comment       0x00000000       0x69 ./interface/sys_log.o
 .comment       0x00000000       0x69 ./interface/ui_protocol.o
 .comment       0x00000000       0x69 ./interface/ui_socket.o
 .comment       0x00000000       0x69 ./interface/upstate.o
 .comment       0x00000000       0x69 ./image/dsp.o
 .comment       0x00000000       0x69 ./image/dsp_context.o
 .comment       0x00000000       0x69 ./image/sample_count.o
 .comment       0x00000000       0x69 ./image/sample_factory.o
 .comment       0x00000000       0x69 ./image/shared_vid_buf.o
 .comment       0x00000000       0x69 ./image/video.o
 .comment       0x00000000       0x69 ./image/video_context.o
 .comment       0x00000000       0x69 ./fpga/fpga.o
 .comment       0x00000000       0x69 ./app/main.o
 .comment       0x00000000       0x69 ./app/sys_conf.o

.ARM.attributes
                0x00000000       0x39
 .ARM.attributes
                0x00000000       0x35 /home/work/gcc-linaro-arm-linux-gnueabihf-4.7-2013.03-20130313_linux/bin/../arm-linux-gnueabihf/libc/usr/lib/arm-linux-gnueabihf/crt1.o
 .ARM.attributes
                0x00000035       0x37 /home/work/gcc-linaro-arm-linux-gnueabihf-4.7-2013.03-20130313_linux/bin/../arm-linux-gnueabihf/libc/usr/lib/arm-linux-gnueabihf/crti.o
 .ARM.attributes
                0x0000006c       0x35 /home/work/gcc-linaro-arm-linux-gnueabihf-4.7-2013.03-20130313_linux/bin/../lib/gcc/arm-linux-gnueabihf/4.7.3/crtbegin.o
 .ARM.attributes
                0x000000a1       0x42 ./tool/buf_factory.o
 .ARM.attributes
                0x000000e3       0x42 ./tool/crc16.o
 .ARM.attributes
                0x00000125       0x42 ./tool/epcs.o
 .ARM.attributes
                0x00000167       0x42 ./tool/key_file.o
 .ARM.attributes
                0x000001a9       0x42 ./tool/list.o
 .ARM.attributes
                0x000001eb       0x42 ./tool/mailbox.o
 .ARM.attributes
                0x0000022d       0x42 ./tool/message.o
 .ARM.attributes
                0x0000026f       0x42 ./tool/msg_factory.o
 .ARM.attributes
                0x000002b1       0x42 ./tool/shared_mem_manager.o
 .ARM.attributes
                0x000002f3       0x42 ./tool/thread.o
 .ARM.attributes
                0x00000335       0x42 ./tool/v4l2.o
 .ARM.attributes
                0x00000377       0x42 ./reject/local_protocol.o
 .ARM.attributes
                0x000003b9       0x42 ./reject/local_socket.o
 .ARM.attributes
                0x000003fb       0x42 ./net/net.o
 .ARM.attributes
                0x0000043d       0x42 ./net/net_protocol.o
 .ARM.attributes
                0x0000047f       0x42 ./net/tcp.o
 .ARM.attributes
                0x000004c1       0x42 ./net/udp.o
 .ARM.attributes
                0x00000503       0x42 ./lvds/lvds_context.o
 .ARM.attributes
                0x00000545       0x42 ./interface/led.o
 .ARM.attributes
                0x00000587       0x42 ./interface/sys_log.o
 .ARM.attributes
                0x000005c9       0x42 ./interface/ui_protocol.o
 .ARM.attributes
                0x0000060b       0x42 ./interface/ui_socket.o
 .ARM.attributes
                0x0000064d       0x42 ./interface/upstate.o
 .ARM.attributes
                0x0000068f       0x42 ./image/dsp.o
 .ARM.attributes
                0x000006d1       0x42 ./image/dsp_context.o
 .ARM.attributes
                0x00000713       0x42 ./image/sample_count.o
 .ARM.attributes
                0x00000755       0x42 ./image/sample_factory.o
 .ARM.attributes
                0x00000797       0x42 ./image/shared_vid_buf.o
 .ARM.attributes
                0x000007d9       0x42 ./image/video.o
 .ARM.attributes
                0x0000081b       0x42 ./image/video_context.o
 .ARM.attributes
                0x0000085d       0x42 ./fpga/fpga.o
 .ARM.attributes
                0x0000089f       0x42 ./app/main.o
 .ARM.attributes
                0x000008e1       0x42 ./app/sys_conf.o
 .ARM.attributes
                0x00000923       0x37 /home/work/rootfs/usr/lib/./libc_nonshared.a(elf-init.oS)
 .ARM.attributes
                0x0000095a       0x37 /home/work/rootfs/usr/lib/./libc_nonshared.a(stat.oS)
 .ARM.attributes
                0x00000991       0x35 /home/work/gcc-linaro-arm-linux-gnueabihf-4.7-2013.03-20130313_linux/bin/../lib/gcc/arm-linux-gnueabihf/4.7.3/crtend.o
 .ARM.attributes
                0x000009c6       0x37 /home/work/gcc-linaro-arm-linux-gnueabihf-4.7-2013.03-20130313_linux/bin/../arm-linux-gnueabihf/libc/usr/lib/arm-linux-gnueabihf/crtn.o

.debug
 *(.debug)

.line
 *(.line)

.debug_srcinfo
 *(.debug_srcinfo)

.debug_sfnames
 *(.debug_sfnames)

.debug_aranges  0x00000000      0xdb0
 *(.debug_aranges)
 .debug_aranges
                0x00000000       0x30 ./tool/buf_factory.o
 .debug_aranges
                0x00000030       0x28 ./tool/crc16.o
 .debug_aranges
                0x00000058       0x90 ./tool/epcs.o
 .debug_aranges
                0x000000e8       0x48 ./tool/key_file.o
 .debug_aranges
                0x00000130       0x50 ./tool/list.o
 .debug_aranges
                0x00000180       0x40 ./tool/mailbox.o
 .debug_aranges
                0x000001c0       0x48 ./tool/message.o
 .debug_aranges
                0x00000208       0x38 ./tool/msg_factory.o
 .debug_aranges
                0x00000240       0x38 ./tool/shared_mem_manager.o
 .debug_aranges
                0x00000278       0x28 ./tool/thread.o
 .debug_aranges
                0x000002a0       0x60 ./tool/v4l2.o
 .debug_aranges
                0x00000300       0x60 ./reject/local_protocol.o
 .debug_aranges
                0x00000360       0x38 ./reject/local_socket.o
 .debug_aranges
                0x00000398       0x38 ./net/net.o
 .debug_aranges
                0x000003d0      0x228 ./net/net_protocol.o
 .debug_aranges
                0x000005f8       0x48 ./net/tcp.o
 .debug_aranges
                0x00000640       0x30 ./net/udp.o
 .debug_aranges
                0x00000670       0x38 ./lvds/lvds_context.o
 .debug_aranges
                0x000006a8       0x30 ./interface/led.o
 .debug_aranges
                0x000006d8       0x38 ./interface/sys_log.o
 .debug_aranges
                0x00000710       0x88 ./interface/ui_protocol.o
 .debug_aranges
                0x00000798       0x38 ./interface/ui_socket.o
 .debug_aranges
                0x000007d0       0x38 ./interface/upstate.o
 .debug_aranges
                0x00000808       0x98 ./image/dsp.o
 .debug_aranges
                0x000008a0       0x38 ./image/dsp_context.o
 .debug_aranges
                0x000008d8       0x38 ./image/sample_count.o
 .debug_aranges
                0x00000910       0x30 ./image/sample_factory.o
 .debug_aranges
                0x00000940       0x68 ./image/shared_vid_buf.o
 .debug_aranges
                0x000009a8       0x40 ./image/video.o
 .debug_aranges
                0x000009e8       0x60 ./image/video_context.o